<?xml version="1.0" encoding="UTF-8"?>
<TestRun id="635784b1-6ca7-4bc7-9665-59a93679e67e" name="pranayp@PRANAY-TEST 2014-08-08 11:39:01" runUser="REDMOND\pranayp" xmlns="http://microsoft.com/schemas/VisualStudio/TeamTest/2010">
  <Times creation="2014-08-08T11:39:01.1548691-07:00" queuing="2014-08-08T11:39:01.1568691-07:00" start="2014-08-08T11:39:01.1628691-07:00" finish="2014-08-08T12:15:21.7490989-07:00" />
  <TestSettings name="default" id="dd9c0eef-8635-4797-b8a8-6595771738db">
    <Execution>
      <TestTypeSpecific />
    </Execution>
    <Deployment runDeploymentRoot="pranayp_PRANAY-TEST 2014-08-08 11_39_01" />
  </TestSettings>
  <Results>
    <UnitTestResult executionId="84ef650d-1596-430d-883f-d4097eff5078" testId="91024be9-0f79-b390-5aca-3daaf7d8c013" testName="TestExport" computerName="PRANAY-TEST" duration="00:00:45.0681469" startTime="2014-08-08T11:38:14.3098691-07:00" endTime="2014-08-08T11:39:00.8858691-07:00" testType="13cdc9d9-ddb5-4fa4-a97d-d965ccfc6d4b" outcome="Passed" testListId="8c84fa94-04c1-424b-9868-57a2d4851a1d" relativeResultsDirectory="84ef650d-1596-430d-883f-d4097eff5078" />
    <UnitTestResult executionId="224590c5-e716-491b-ab03-2cf3b8628c23" testId="f926c559-69a0-5a07-ba92-85028f61db87" testName="TestExportError" computerName="PRANAY-TEST" duration="00:00:29.5363462" startTime="2014-08-08T11:39:01.2318691-07:00" endTime="2014-08-08T11:39:30.7678691-07:00" testType="13cdc9d9-ddb5-4fa4-a97d-d965ccfc6d4b" outcome="Passed" testListId="8c84fa94-04c1-424b-9868-57a2d4851a1d" relativeResultsDirectory="224590c5-e716-491b-ab03-2cf3b8628c23" />
    <UnitTestResult executionId="91b3e44f-3712-4fa0-93e5-75f765e37cb5" testId="7687a9b4-511a-4d06-dc58-1dbc6556df71" testName="TestImport" computerName="PRANAY-TEST" duration="00:00:02.5779007" startTime="2014-08-08T11:39:30.8608691-07:00" endTime="2014-08-08T11:39:33.4388691-07:00" testType="13cdc9d9-ddb5-4fa4-a97d-d965ccfc6d4b" outcome="Passed" testListId="8c84fa94-04c1-424b-9868-57a2d4851a1d" relativeResultsDirectory="91b3e44f-3712-4fa0-93e5-75f765e37cb5" />
    <UnitTestResult executionId="cbbd4ee5-9edb-45af-88b7-b8bc92c7354e" testId="a067bbae-5425-2ff6-a413-d8b72b4e3c55" testName="TestImportError" computerName="PRANAY-TEST" duration="00:00:28.6868100" startTime="2014-08-08T11:39:33.4468691-07:00" endTime="2014-08-08T11:40:02.1328691-07:00" testType="13cdc9d9-ddb5-4fa4-a97d-d965ccfc6d4b" outcome="Passed" testListId="8c84fa94-04c1-424b-9868-57a2d4851a1d" relativeResultsDirectory="cbbd4ee5-9edb-45af-88b7-b8bc92c7354e" />
    <UnitTestResult executionId="c5908354-850c-476b-b0cd-5a16057682f1" testId="5d582fc7-7eda-679c-f765-d0a39a30dae2" testName="TestReinitializeSession" computerName="PRANAY-TEST" duration="00:00:01.1650467" startTime="2014-08-08T11:40:02.1498691-07:00" endTime="2014-08-08T11:40:03.3158691-07:00" testType="13cdc9d9-ddb5-4fa4-a97d-d965ccfc6d4b" outcome="Passed" testListId="8c84fa94-04c1-424b-9868-57a2d4851a1d" relativeResultsDirectory="c5908354-850c-476b-b0cd-5a16057682f1" />
    <UnitTestResult executionId="012f5da5-f3e8-47d7-9a48-a0489280ecf6" testId="955bf2eb-d744-a0a9-cc59-dffdc24bfc72" testName="TestValidateCredentials" computerName="PRANAY-TEST" duration="00:00:03.8460092" startTime="2014-08-08T11:40:03.4028691-07:00" endTime="2014-08-08T11:40:07.2498691-07:00" testType="13cdc9d9-ddb5-4fa4-a97d-d965ccfc6d4b" outcome="Passed" testListId="8c84fa94-04c1-424b-9868-57a2d4851a1d" relativeResultsDirectory="012f5da5-f3e8-47d7-9a48-a0489280ecf6" />
    <UnitTestResult executionId="b95ff8c1-2a26-4a73-8de2-ff8d6cdebea3" testId="cba37b4a-9b74-c1c3-3e2d-f6060895afe7" testName="GoogleAppsV2ProxyTestUserExport" computerName="PRANAY-TEST" duration="00:01:50.8026542" startTime="2014-08-08T11:40:07.2618691-07:00" endTime="2014-08-08T11:42:01.9978691-07:00" testType="13cdc9d9-ddb5-4fa4-a97d-d965ccfc6d4b" outcome="Failed" testListId="8c84fa94-04c1-424b-9868-57a2d4851a1d" relativeResultsDirectory="b95ff8c1-2a26-4a73-8de2-ff8d6cdebea3">
      <Output>
        <ErrorInfo>
          <Message>Assert.IsTrue failed. </Message>
          <StackTrace>   at Microsoft.ActiveDirectory.Connector.Test.GoogleAppsV2ProxyAdapterUnitTest.GoogleAppsV2ProxyTestUserExport() in f:\src\Adiam_Cloud_Nightly_Tester\sources\test\Services\SyncFabric\Controller\UnitTests\TestProxyAdapter\GoogleAppsV2ProxyAdapterUnitTest.cs:line 900
</StackTrace>
        </ErrorInfo>
      </Output>
    </UnitTestResult>
    <UnitTestResult executionId="f1aff999-7a3b-4ec7-9acf-b3b4c477ef93" testId="27788f1a-25e4-97e5-1de8-23ce4c3bb266" testName="GoogleAppsV2ProxyTestGroupExport" computerName="PRANAY-TEST" duration="00:03:45.4411480" startTime="2014-08-08T11:42:02.0338691-07:00" endTime="2014-08-08T11:45:47.4638691-07:00" testType="13cdc9d9-ddb5-4fa4-a97d-d965ccfc6d4b" outcome="Passed" testListId="8c84fa94-04c1-424b-9868-57a2d4851a1d" relativeResultsDirectory="f1aff999-7a3b-4ec7-9acf-b3b4c477ef93" />
    <UnitTestResult executionId="b3436651-8aaf-4e34-9706-da27e6b98045" testId="3c4dc27f-cdac-f9c7-b5d2-13fbb439c116" testName="GoogleAppsV2ProxyTestGroupMembeshipExport" computerName="PRANAY-TEST" duration="00:08:27.2405359" startTime="2014-08-08T11:45:47.4768691-07:00" endTime="2014-08-08T11:54:14.6898691-07:00" testType="13cdc9d9-ddb5-4fa4-a97d-d965ccfc6d4b" outcome="Passed" testListId="8c84fa94-04c1-424b-9868-57a2d4851a1d" relativeResultsDirectory="b3436651-8aaf-4e34-9706-da27e6b98045" />
    <UnitTestResult executionId="c3358181-cbff-4ba7-b17d-d4bcfaebf919" testId="04e14fca-0d7b-f9bf-15b2-4a6d73917532" testName="GoogleAppsV2ProxyTestExportError" computerName="PRANAY-TEST" duration="00:01:15.0574832" startTime="2014-08-08T11:54:14.7048691-07:00" endTime="2014-08-08T11:55:29.7598691-07:00" testType="13cdc9d9-ddb5-4fa4-a97d-d965ccfc6d4b" outcome="Passed" testListId="8c84fa94-04c1-424b-9868-57a2d4851a1d" relativeResultsDirectory="c3358181-cbff-4ba7-b17d-d4bcfaebf919" />
    <UnitTestResult executionId="c8f9f007-a1ca-42c1-89e6-74d8e2ebdda0" testId="7d9b61f7-701b-2396-8a26-0a8a8f4cc81b" testName="GoogleAppsV2ProxyTestFullImport" computerName="PRANAY-TEST" duration="00:01:43.8622986" startTime="2014-08-08T11:55:29.7658691-07:00" endTime="2014-08-08T11:57:13.6238691-07:00" testType="13cdc9d9-ddb5-4fa4-a97d-d965ccfc6d4b" outcome="Passed" testListId="8c84fa94-04c1-424b-9868-57a2d4851a1d" relativeResultsDirectory="c8f9f007-a1ca-42c1-89e6-74d8e2ebdda0" />
    <UnitTestResult executionId="f6ef35d1-808b-499c-9b7d-a7e24259d8e1" testId="3dd030f6-48eb-af70-a4d9-48bee558d806" testName="GoogleAppsV2ProxyTestFullImportWithPaging" computerName="PRANAY-TEST" duration="00:01:43.9303413" startTime="2014-08-08T11:57:13.6408691-07:00" endTime="2014-08-08T11:58:57.5668691-07:00" testType="13cdc9d9-ddb5-4fa4-a97d-d965ccfc6d4b" outcome="Passed" testListId="8c84fa94-04c1-424b-9868-57a2d4851a1d" relativeResultsDirectory="f6ef35d1-808b-499c-9b7d-a7e24259d8e1" />
    <UnitTestResult executionId="e1426660-c9d7-4aaf-b5ec-cd7f07b1b792" testId="38e3e925-7c1b-d0d1-0470-148eaa52394f" testName="GoogleAppsV2ProxyTestDomainMismatch" computerName="PRANAY-TEST" duration="00:00:26.3882056" startTime="2014-08-08T11:58:57.5768691-07:00" endTime="2014-08-08T11:59:23.9648691-07:00" testType="13cdc9d9-ddb5-4fa4-a97d-d965ccfc6d4b" outcome="Passed" testListId="8c84fa94-04c1-424b-9868-57a2d4851a1d" relativeResultsDirectory="e1426660-c9d7-4aaf-b5ec-cd7f07b1b792" />
    <UnitTestResult executionId="b47eabad-3a7b-49e3-ae09-83d9771b24e9" testId="0de52321-87a7-c5aa-a1f6-30b68d3d6ed6" testName="GoogleAppsV2ProxyTestImportGroupByAnchor" computerName="PRANAY-TEST" duration="00:00:50.3184634" startTime="2014-08-08T11:59:23.9718691-07:00" endTime="2014-08-08T12:00:14.2888691-07:00" testType="13cdc9d9-ddb5-4fa4-a97d-d965ccfc6d4b" outcome="Passed" testListId="8c84fa94-04c1-424b-9868-57a2d4851a1d" relativeResultsDirectory="b47eabad-3a7b-49e3-ae09-83d9771b24e9" />
    <UnitTestResult executionId="1de85667-d12f-4488-bf5d-552483831001" testId="b2430f61-aae0-0dba-fe0b-5495c095fe33" testName="GoogleAppsV2ProxyTestImportUserByAnchor" computerName="PRANAY-TEST" duration="00:01:01.6281187" startTime="2014-08-08T12:00:14.3008691-07:00" endTime="2014-08-08T12:01:15.9268691-07:00" testType="13cdc9d9-ddb5-4fa4-a97d-d965ccfc6d4b" outcome="Passed" testListId="8c84fa94-04c1-424b-9868-57a2d4851a1d" relativeResultsDirectory="1de85667-d12f-4488-bf5d-552483831001" />
    <UnitTestResult executionId="7dec0bab-1bfa-400f-b58e-1277ada6ba88" testId="b378b4c3-6f10-c7c8-0c35-13115b8213d7" testName="GoogleAppsV2ProxyTestImportByAnchorError" computerName="PRANAY-TEST" duration="00:00:20.7299775" startTime="2014-08-08T12:01:15.9348691-07:00" endTime="2014-08-08T12:01:36.6648691-07:00" testType="13cdc9d9-ddb5-4fa4-a97d-d965ccfc6d4b" outcome="Passed" testListId="8c84fa94-04c1-424b-9868-57a2d4851a1d" relativeResultsDirectory="7dec0bab-1bfa-400f-b58e-1277ada6ba88" />
    <UnitTestResult executionId="972649d8-69e9-4f20-b5a9-f401cd8d2643" testId="8d3bbd68-319e-7a93-086a-7accf74a8702" testName="GoogleAppsV2ProxyTestImportGroupByJoiningProperty" computerName="PRANAY-TEST" duration="00:00:29.2421881" startTime="2014-08-08T12:01:36.6718691-07:00" endTime="2014-08-08T12:02:05.9138691-07:00" testType="13cdc9d9-ddb5-4fa4-a97d-d965ccfc6d4b" outcome="Passed" testListId="8c84fa94-04c1-424b-9868-57a2d4851a1d" relativeResultsDirectory="972649d8-69e9-4f20-b5a9-f401cd8d2643" />
    <UnitTestResult executionId="87a69555-ee7e-4732-98d0-b940e300529f" testId="8e1be9ab-7caf-7274-6ec7-5d864136b0e8" testName="GoogleAppsV2ProxyTestImportUserByJoiningProperty" computerName="PRANAY-TEST" duration="00:01:00.0888895" startTime="2014-08-08T12:02:05.9208691-07:00" endTime="2014-08-08T12:03:06.0078691-07:00" testType="13cdc9d9-ddb5-4fa4-a97d-d965ccfc6d4b" outcome="Passed" testListId="8c84fa94-04c1-424b-9868-57a2d4851a1d" relativeResultsDirectory="87a69555-ee7e-4732-98d0-b940e300529f" />
    <UnitTestResult executionId="b02c0b16-a5df-490a-89d9-4ef797f9330c" testId="c47a1081-7f1b-b060-1c9f-6fbcf895aba2" testName="GoogleAppsV2ProxyTestImportError" computerName="PRANAY-TEST" duration="00:01:06.0721173" startTime="2014-08-08T12:03:06.0168691-07:00" endTime="2014-08-08T12:04:12.0858691-07:00" testType="13cdc9d9-ddb5-4fa4-a97d-d965ccfc6d4b" outcome="Passed" testListId="8c84fa94-04c1-424b-9868-57a2d4851a1d" relativeResultsDirectory="b02c0b16-a5df-490a-89d9-4ef797f9330c" />
    <UnitTestResult executionId="1b970132-053f-4538-8188-3fa4c275b744" testId="0d0ad5ee-c8ac-cce2-8afb-ec5b4ac29630" testName="GoogleAppsV2ProxyTestValidateCredentials" computerName="PRANAY-TEST" duration="00:00:22.4425157" startTime="2014-08-08T12:04:12.0948691-07:00" endTime="2014-08-08T12:04:34.5378691-07:00" testType="13cdc9d9-ddb5-4fa4-a97d-d965ccfc6d4b" outcome="Passed" testListId="8c84fa94-04c1-424b-9868-57a2d4851a1d" relativeResultsDirectory="1b970132-053f-4538-8188-3fa4c275b744" />
    <UnitTestResult executionId="6a47c856-0361-4b39-b44e-aaccb7e6d338" testId="c5e86cd4-550c-fc22-2841-ae642c4f66d6" testName="GoogleAppsV2ProxyTestValidateStoredCredentials" computerName="PRANAY-TEST" duration="00:00:20.6114266" startTime="2014-08-08T12:04:34.5448691-07:00" endTime="2014-08-08T12:04:55.1568691-07:00" testType="13cdc9d9-ddb5-4fa4-a97d-d965ccfc6d4b" outcome="Passed" testListId="8c84fa94-04c1-424b-9868-57a2d4851a1d" relativeResultsDirectory="6a47c856-0361-4b39-b44e-aaccb7e6d338" />
    <UnitTestResult executionId="1d4f1335-896c-4183-b2b7-1640990dbfee" testId="25569907-649c-bdc3-f698-4e8f853c0b0c" testName="GoogleAppsV2ProxyTestUpdateGroupEmail" computerName="PRANAY-TEST" duration="00:02:36.5446851" startTime="2014-08-08T12:04:55.1638691-07:00" endTime="2014-08-08T12:07:31.7008691-07:00" testType="13cdc9d9-ddb5-4fa4-a97d-d965ccfc6d4b" outcome="Passed" testListId="8c84fa94-04c1-424b-9868-57a2d4851a1d" relativeResultsDirectory="1d4f1335-896c-4183-b2b7-1640990dbfee" />
    <UnitTestResult executionId="1c39ce96-f655-418b-8da3-428ed1fd41e0" testId="f0a5e2a2-643c-cfbb-516b-a24a63e164ed" testName="GoogleAppsV2ProxyTestUpdateUserLogin" computerName="PRANAY-TEST" duration="00:04:45.5604133" startTime="2014-08-08T12:07:31.7128691-07:00" endTime="2014-08-08T12:12:17.2984261-07:00" testType="13cdc9d9-ddb5-4fa4-a97d-d965ccfc6d4b" outcome="Passed" testListId="8c84fa94-04c1-424b-9868-57a2d4851a1d" relativeResultsDirectory="1c39ce96-f655-418b-8da3-428ed1fd41e0" />
    <UnitTestResult executionId="cd6443eb-e8f9-4753-910c-f13391656b3b" testId="b5789d7a-cf8f-9d5e-53be-2e0e52775d25" testName="DocuSign_TestAddExistingUser" computerName="PRANAY-TEST" duration="00:00:17.6142984" startTime="2014-08-08T12:12:17.3084371-07:00" endTime="2014-08-08T12:12:34.9428136-07:00" testType="13cdc9d9-ddb5-4fa4-a97d-d965ccfc6d4b" outcome="Passed" testListId="8c84fa94-04c1-424b-9868-57a2d4851a1d" relativeResultsDirectory="cd6443eb-e8f9-4753-910c-f13391656b3b" />
    <UnitTestResult executionId="ce1e7313-a870-49e3-8dbb-07369abd78eb" testId="b4e77dd6-9b5d-0d26-de58-7c8c81992456" testName="DocuSign_TestImport" computerName="PRANAY-TEST" duration="00:00:28.5654605" startTime="2014-08-08T12:12:34.9488202-07:00" endTime="2014-08-08T12:13:03.5442406-07:00" testType="13cdc9d9-ddb5-4fa4-a97d-d965ccfc6d4b" outcome="Passed" testListId="8c84fa94-04c1-424b-9868-57a2d4851a1d" relativeResultsDirectory="ce1e7313-a870-49e3-8dbb-07369abd78eb" />
    <UnitTestResult executionId="6a570d65-b3bb-4a2f-925f-5b4ee49bc826" testId="abd7e0ba-5b26-1bba-6689-8463a1f1911a" testName="DocuSign_TestImportError" computerName="PRANAY-TEST" duration="00:00:15.1122194" startTime="2014-08-08T12:13:03.5512483-07:00" endTime="2014-08-08T12:13:18.6808726-07:00" testType="13cdc9d9-ddb5-4fa4-a97d-d965ccfc6d4b" outcome="Passed" testListId="8c84fa94-04c1-424b-9868-57a2d4851a1d" relativeResultsDirectory="6a570d65-b3bb-4a2f-925f-5b4ee49bc826" />
    <UnitTestResult executionId="515f392b-4a5b-4809-9344-ce71713b551c" testId="a1757e4f-71e1-d03f-ea96-ed55ffe85463" testName="DocuSign_TestValidateCredentials" computerName="PRANAY-TEST" duration="00:00:17.7672944" startTime="2014-08-08T12:13:18.6868792-07:00" endTime="2014-08-08T12:13:36.4734229-07:00" testType="13cdc9d9-ddb5-4fa4-a97d-d965ccfc6d4b" outcome="Passed" testListId="8c84fa94-04c1-424b-9868-57a2d4851a1d" relativeResultsDirectory="515f392b-4a5b-4809-9344-ce71713b551c" />
    <UnitTestResult executionId="3781ad61-0143-4e09-ba2a-fb5c8ebbeca3" testId="1d8d0aa6-66b2-c850-1cfe-831c63d15b1e" testName="JiveTestExport" computerName="PRANAY-TEST" duration="00:00:14.0874067" startTime="2014-08-08T12:13:36.4794295-07:00" endTime="2014-08-08T12:13:50.5829263-07:00" testType="13cdc9d9-ddb5-4fa4-a97d-d965ccfc6d4b" outcome="Passed" testListId="8c84fa94-04c1-424b-9868-57a2d4851a1d" relativeResultsDirectory="3781ad61-0143-4e09-ba2a-fb5c8ebbeca3" />
    <UnitTestResult executionId="6f2552e8-d65b-436e-92ee-95eaed93c58a" testId="86430774-7c36-7017-6309-a7ef0f89ebe7" testName="JiveTestExportError" computerName="PRANAY-TEST" duration="00:00:31.1302704" startTime="2014-08-08T12:13:50.5879318-07:00" endTime="2014-08-08T12:14:21.7511737-07:00" testType="13cdc9d9-ddb5-4fa4-a97d-d965ccfc6d4b" outcome="Passed" testListId="8c84fa94-04c1-424b-9868-57a2d4851a1d" relativeResultsDirectory="6f2552e8-d65b-436e-92ee-95eaed93c58a" />
    <UnitTestResult executionId="4bd5c8e2-144d-4837-86b5-10367d94bb8d" testId="0f2681f7-1010-34d9-47e5-ff2dcb21af63" testName="JiveTestFullImport" computerName="PRANAY-TEST" duration="00:00:04.8399869" startTime="2014-08-08T12:14:21.7581814-07:00" endTime="2014-08-08T12:14:26.6045065-07:00" testType="13cdc9d9-ddb5-4fa4-a97d-d965ccfc6d4b" outcome="Passed" testListId="8c84fa94-04c1-424b-9868-57a2d4851a1d" relativeResultsDirectory="4bd5c8e2-144d-4837-86b5-10367d94bb8d" />
    <UnitTestResult executionId="ee15dd0c-370a-4e16-b3cf-a97db2eaef39" testId="b714ab82-03e7-59a0-9f1f-7c148a68b064" testName="JiveTestImportByAnchor" computerName="PRANAY-TEST" duration="00:00:04.3008963" startTime="2014-08-08T12:14:26.6125153-07:00" endTime="2014-08-08T12:14:30.9192475-07:00" testType="13cdc9d9-ddb5-4fa4-a97d-d965ccfc6d4b" outcome="Passed" testListId="8c84fa94-04c1-424b-9868-57a2d4851a1d" relativeResultsDirectory="ee15dd0c-370a-4e16-b3cf-a97db2eaef39" />
    <UnitTestResult executionId="c45cc948-2745-4752-83f7-ad21f772bd43" testId="fd729553-89f8-2016-dca6-562dc0e18ec9" testName="JiveTestImportByAnchorError" computerName="PRANAY-TEST" duration="00:00:02.7806374" startTime="2014-08-08T12:14:30.9262552-07:00" endTime="2014-08-08T12:14:33.7103143-07:00" testType="13cdc9d9-ddb5-4fa4-a97d-d965ccfc6d4b" outcome="Passed" testListId="8c84fa94-04c1-424b-9868-57a2d4851a1d" relativeResultsDirectory="c45cc948-2745-4752-83f7-ad21f772bd43" />
    <UnitTestResult executionId="cf2dbae5-439b-4b54-844a-ae8f8ecf4770" testId="7f4780c7-2ead-21bd-62d9-479a866dbfaa" testName="JiveTestImportByJoiningProperty" computerName="PRANAY-TEST" duration="00:00:04.6512831" startTime="2014-08-08T12:14:33.7143187-07:00" endTime="2014-08-08T12:14:38.3714359-07:00" testType="13cdc9d9-ddb5-4fa4-a97d-d965ccfc6d4b" outcome="Passed" testListId="8c84fa94-04c1-424b-9868-57a2d4851a1d" relativeResultsDirectory="cf2dbae5-439b-4b54-844a-ae8f8ecf4770" />
    <UnitTestResult executionId="23052603-1738-4dc3-9479-dda6ddf591a4" testId="a9d008f0-4ea7-239c-37c3-a74011ebb7fe" testName="JiveTestImportError" computerName="PRANAY-TEST" duration="00:00:30.0900509" startTime="2014-08-08T12:14:38.3754403-07:00" endTime="2014-08-08T12:15:08.4975382-07:00" testType="13cdc9d9-ddb5-4fa4-a97d-d965ccfc6d4b" outcome="Passed" testListId="8c84fa94-04c1-424b-9868-57a2d4851a1d" relativeResultsDirectory="23052603-1738-4dc3-9479-dda6ddf591a4" />
    <UnitTestResult executionId="c889cc58-522d-4126-a36d-390c569ef76e" testId="012d05d3-cdda-ef0e-7ee0-ce2fd3edc5cb" testName="JiveTestTryValidateCredentials" computerName="PRANAY-TEST" duration="00:00:05.4720223" startTime="2014-08-08T12:15:08.5055470-07:00" endTime="2014-08-08T12:15:13.9845673-07:00" testType="13cdc9d9-ddb5-4fa4-a97d-d965ccfc6d4b" outcome="Passed" testListId="8c84fa94-04c1-424b-9868-57a2d4851a1d" relativeResultsDirectory="c889cc58-522d-4126-a36d-390c569ef76e" />
    <UnitTestResult executionId="51fb48e4-2836-4dfc-a928-0f59c613c58f" testId="ba6386bc-ee07-82a7-7130-4007442a1286" testName="JiveTestUpdateUserName" computerName="PRANAY-TEST" duration="00:00:06.0537060" startTime="2014-08-08T12:15:13.9895728-07:00" endTime="2014-08-08T12:15:20.0502322-07:00" testType="13cdc9d9-ddb5-4fa4-a97d-d965ccfc6d4b" outcome="Passed" testListId="8c84fa94-04c1-424b-9868-57a2d4851a1d" relativeResultsDirectory="51fb48e4-2836-4dfc-a928-0f59c613c58f" />
    <UnitTestResult executionId="fe455946-55bf-4bca-8b31-22f224da0786" testId="57eae8a4-fc62-b1c1-6eb1-3c0d514aea83" testName="NetSuite_TestExport" computerName="PRANAY-TEST" duration="00:00:00.4548940" startTime="2014-08-08T12:15:20.0562388-07:00" endTime="2014-08-08T12:15:20.5127404-07:00" testType="13cdc9d9-ddb5-4fa4-a97d-d965ccfc6d4b" outcome="Passed" testListId="8c84fa94-04c1-424b-9868-57a2d4851a1d" relativeResultsDirectory="fe455946-55bf-4bca-8b31-22f224da0786" />
  </Results>
  <TestDefinitions>
    <UnitTest name="TestExport" storage="f:\src\adiam_cloud_nightly_tester\bins\debug\amd64\syncfabric\tests\testproxyadapter\microsoft.activedirectory.connector.test.testproxyadapter.dll" id="91024be9-0f79-b390-5aca-3daaf7d8c013">
      <Execution id="84ef650d-1596-430d-883f-d4097eff5078" />
      <TestMethod codeBase="f:\src\Adiam_Cloud_Nightly_Tester\bins\debug\amd64\SyncFabric\Tests\TestProxyAdapter\Microsoft.ActiveDirectory.Connector.Test.TestProxyAdapter.dll" adapterTypeName="Microsoft.VisualStudio.TestTools.TestTypes.Unit.UnitTestAdapter" className="Microsoft.ActiveDirectory.Connector.Test.CitrixProxyAdapterTest" name="TestExport" />
    </UnitTest>
    <UnitTest name="TestExportError" storage="f:\src\adiam_cloud_nightly_tester\bins\debug\amd64\syncfabric\tests\testproxyadapter\microsoft.activedirectory.connector.test.testproxyadapter.dll" id="f926c559-69a0-5a07-ba92-85028f61db87">
      <Execution id="224590c5-e716-491b-ab03-2cf3b8628c23" />
      <TestMethod codeBase="f:\src\Adiam_Cloud_Nightly_Tester\bins\debug\amd64\SyncFabric\Tests\TestProxyAdapter\Microsoft.ActiveDirectory.Connector.Test.TestProxyAdapter.dll" adapterTypeName="Microsoft.VisualStudio.TestTools.TestTypes.Unit.UnitTestAdapter" className="Microsoft.ActiveDirectory.Connector.Test.CitrixProxyAdapterTest" name="TestExportError" />
    </UnitTest>
    <UnitTest name="TestImport" storage="f:\src\adiam_cloud_nightly_tester\bins\debug\amd64\syncfabric\tests\testproxyadapter\microsoft.activedirectory.connector.test.testproxyadapter.dll" id="7687a9b4-511a-4d06-dc58-1dbc6556df71">
      <Execution id="91b3e44f-3712-4fa0-93e5-75f765e37cb5" />
      <TestMethod codeBase="f:\src\Adiam_Cloud_Nightly_Tester\bins\debug\amd64\SyncFabric\Tests\TestProxyAdapter\Microsoft.ActiveDirectory.Connector.Test.TestProxyAdapter.dll" adapterTypeName="Microsoft.VisualStudio.TestTools.TestTypes.Unit.UnitTestAdapter" className="Microsoft.ActiveDirectory.Connector.Test.CitrixProxyAdapterTest" name="TestImport" />
    </UnitTest>
    <UnitTest name="TestImportError" storage="f:\src\adiam_cloud_nightly_tester\bins\debug\amd64\syncfabric\tests\testproxyadapter\microsoft.activedirectory.connector.test.testproxyadapter.dll" id="a067bbae-5425-2ff6-a413-d8b72b4e3c55">
      <Execution id="cbbd4ee5-9edb-45af-88b7-b8bc92c7354e" />
      <TestMethod codeBase="f:\src\Adiam_Cloud_Nightly_Tester\bins\debug\amd64\SyncFabric\Tests\TestProxyAdapter\Microsoft.ActiveDirectory.Connector.Test.TestProxyAdapter.dll" adapterTypeName="Microsoft.VisualStudio.TestTools.TestTypes.Unit.UnitTestAdapter" className="Microsoft.ActiveDirectory.Connector.Test.CitrixProxyAdapterTest" name="TestImportError" />
    </UnitTest>
    <UnitTest name="TestReinitializeSession" storage="f:\src\adiam_cloud_nightly_tester\bins\debug\amd64\syncfabric\tests\testproxyadapter\microsoft.activedirectory.connector.test.testproxyadapter.dll" id="5d582fc7-7eda-679c-f765-d0a39a30dae2">
      <Execution id="c5908354-850c-476b-b0cd-5a16057682f1" />
      <TestMethod codeBase="f:\src\Adiam_Cloud_Nightly_Tester\bins\debug\amd64\SyncFabric\Tests\TestProxyAdapter\Microsoft.ActiveDirectory.Connector.Test.TestProxyAdapter.dll" adapterTypeName="Microsoft.VisualStudio.TestTools.TestTypes.Unit.UnitTestAdapter" className="Microsoft.ActiveDirectory.Connector.Test.CitrixProxyAdapterTest" name="TestReinitializeSession" />
    </UnitTest>
    <UnitTest name="TestValidateCredentials" storage="f:\src\adiam_cloud_nightly_tester\bins\debug\amd64\syncfabric\tests\testproxyadapter\microsoft.activedirectory.connector.test.testproxyadapter.dll" id="955bf2eb-d744-a0a9-cc59-dffdc24bfc72">
      <Execution id="012f5da5-f3e8-47d7-9a48-a0489280ecf6" />
      <TestMethod codeBase="f:\src\Adiam_Cloud_Nightly_Tester\bins\debug\amd64\SyncFabric\Tests\TestProxyAdapter\Microsoft.ActiveDirectory.Connector.Test.TestProxyAdapter.dll" adapterTypeName="Microsoft.VisualStudio.TestTools.TestTypes.Unit.UnitTestAdapter" className="Microsoft.ActiveDirectory.Connector.Test.CitrixProxyAdapterTest" name="TestValidateCredentials" />
    </UnitTest>
    <UnitTest name="GoogleAppsV2ProxyTestUserExport" storage="f:\src\adiam_cloud_nightly_tester\bins\debug\amd64\syncfabric\tests\testproxyadapter\microsoft.activedirectory.connector.test.testproxyadapter.dll" id="cba37b4a-9b74-c1c3-3e2d-f6060895afe7">
      <Execution id="b95ff8c1-2a26-4a73-8de2-ff8d6cdebea3" />
      <TestMethod codeBase="f:\src\Adiam_Cloud_Nightly_Tester\bins\debug\amd64\SyncFabric\Tests\TestProxyAdapter\Microsoft.ActiveDirectory.Connector.Test.TestProxyAdapter.dll" adapterTypeName="Microsoft.VisualStudio.TestTools.TestTypes.Unit.UnitTestAdapter" className="Microsoft.ActiveDirectory.Connector.Test.GoogleAppsV2ProxyAdapterUnitTest" name="GoogleAppsV2ProxyTestUserExport" />
    </UnitTest>
    <UnitTest name="GoogleAppsV2ProxyTestGroupExport" storage="f:\src\adiam_cloud_nightly_tester\bins\debug\amd64\syncfabric\tests\testproxyadapter\microsoft.activedirectory.connector.test.testproxyadapter.dll" id="27788f1a-25e4-97e5-1de8-23ce4c3bb266">
      <Execution id="f1aff999-7a3b-4ec7-9acf-b3b4c477ef93" />
      <TestMethod codeBase="f:\src\Adiam_Cloud_Nightly_Tester\bins\debug\amd64\SyncFabric\Tests\TestProxyAdapter\Microsoft.ActiveDirectory.Connector.Test.TestProxyAdapter.dll" adapterTypeName="Microsoft.VisualStudio.TestTools.TestTypes.Unit.UnitTestAdapter" className="Microsoft.ActiveDirectory.Connector.Test.GoogleAppsV2ProxyAdapterUnitTest" name="GoogleAppsV2ProxyTestGroupExport" />
    </UnitTest>
    <UnitTest name="GoogleAppsV2ProxyTestGroupMembeshipExport" storage="f:\src\adiam_cloud_nightly_tester\bins\debug\amd64\syncfabric\tests\testproxyadapter\microsoft.activedirectory.connector.test.testproxyadapter.dll" id="3c4dc27f-cdac-f9c7-b5d2-13fbb439c116">
      <Execution id="b3436651-8aaf-4e34-9706-da27e6b98045" />
      <TestMethod codeBase="f:\src\Adiam_Cloud_Nightly_Tester\bins\debug\amd64\SyncFabric\Tests\TestProxyAdapter\Microsoft.ActiveDirectory.Connector.Test.TestProxyAdapter.dll" adapterTypeName="Microsoft.VisualStudio.TestTools.TestTypes.Unit.UnitTestAdapter" className="Microsoft.ActiveDirectory.Connector.Test.GoogleAppsV2ProxyAdapterUnitTest" name="GoogleAppsV2ProxyTestGroupMembeshipExport" />
    </UnitTest>
    <UnitTest name="GoogleAppsV2ProxyTestExportError" storage="f:\src\adiam_cloud_nightly_tester\bins\debug\amd64\syncfabric\tests\testproxyadapter\microsoft.activedirectory.connector.test.testproxyadapter.dll" id="04e14fca-0d7b-f9bf-15b2-4a6d73917532">
      <Execution id="c3358181-cbff-4ba7-b17d-d4bcfaebf919" />
      <TestMethod codeBase="f:\src\Adiam_Cloud_Nightly_Tester\bins\debug\amd64\SyncFabric\Tests\TestProxyAdapter\Microsoft.ActiveDirectory.Connector.Test.TestProxyAdapter.dll" adapterTypeName="Microsoft.VisualStudio.TestTools.TestTypes.Unit.UnitTestAdapter" className="Microsoft.ActiveDirectory.Connector.Test.GoogleAppsV2ProxyAdapterUnitTest" name="GoogleAppsV2ProxyTestExportError" />
    </UnitTest>
    <UnitTest name="GoogleAppsV2ProxyTestFullImport" storage="f:\src\adiam_cloud_nightly_tester\bins\debug\amd64\syncfabric\tests\testproxyadapter\microsoft.activedirectory.connector.test.testproxyadapter.dll" id="7d9b61f7-701b-2396-8a26-0a8a8f4cc81b">
      <Execution id="c8f9f007-a1ca-42c1-89e6-74d8e2ebdda0" />
      <TestMethod codeBase="f:\src\Adiam_Cloud_Nightly_Tester\bins\debug\amd64\SyncFabric\Tests\TestProxyAdapter\Microsoft.ActiveDirectory.Connector.Test.TestProxyAdapter.dll" adapterTypeName="Microsoft.VisualStudio.TestTools.TestTypes.Unit.UnitTestAdapter" className="Microsoft.ActiveDirectory.Connector.Test.GoogleAppsV2ProxyAdapterUnitTest" name="GoogleAppsV2ProxyTestFullImport" />
    </UnitTest>
    <UnitTest name="GoogleAppsV2ProxyTestFullImportWithPaging" storage="f:\src\adiam_cloud_nightly_tester\bins\debug\amd64\syncfabric\tests\testproxyadapter\microsoft.activedirectory.connector.test.testproxyadapter.dll" id="3dd030f6-48eb-af70-a4d9-48bee558d806">
      <Execution id="f6ef35d1-808b-499c-9b7d-a7e24259d8e1" />
      <TestMethod codeBase="f:\src\Adiam_Cloud_Nightly_Tester\bins\debug\amd64\SyncFabric\Tests\TestProxyAdapter\Microsoft.ActiveDirectory.Connector.Test.TestProxyAdapter.dll" adapterTypeName="Microsoft.VisualStudio.TestTools.TestTypes.Unit.UnitTestAdapter" className="Microsoft.ActiveDirectory.Connector.Test.GoogleAppsV2ProxyAdapterUnitTest" name="GoogleAppsV2ProxyTestFullImportWithPaging" />
    </UnitTest>
    <UnitTest name="GoogleAppsV2ProxyTestDomainMismatch" storage="f:\src\adiam_cloud_nightly_tester\bins\debug\amd64\syncfabric\tests\testproxyadapter\microsoft.activedirectory.connector.test.testproxyadapter.dll" id="38e3e925-7c1b-d0d1-0470-148eaa52394f">
      <Execution id="e1426660-c9d7-4aaf-b5ec-cd7f07b1b792" />
      <TestMethod codeBase="f:\src\Adiam_Cloud_Nightly_Tester\bins\debug\amd64\SyncFabric\Tests\TestProxyAdapter\Microsoft.ActiveDirectory.Connector.Test.TestProxyAdapter.dll" adapterTypeName="Microsoft.VisualStudio.TestTools.TestTypes.Unit.UnitTestAdapter" className="Microsoft.ActiveDirectory.Connector.Test.GoogleAppsV2ProxyAdapterUnitTest" name="GoogleAppsV2ProxyTestDomainMismatch" />
    </UnitTest>
    <UnitTest name="GoogleAppsV2ProxyTestImportGroupByAnchor" storage="f:\src\adiam_cloud_nightly_tester\bins\debug\amd64\syncfabric\tests\testproxyadapter\microsoft.activedirectory.connector.test.testproxyadapter.dll" id="0de52321-87a7-c5aa-a1f6-30b68d3d6ed6">
      <Execution id="b47eabad-3a7b-49e3-ae09-83d9771b24e9" />
      <TestMethod codeBase="f:\src\Adiam_Cloud_Nightly_Tester\bins\debug\amd64\SyncFabric\Tests\TestProxyAdapter\Microsoft.ActiveDirectory.Connector.Test.TestProxyAdapter.dll" adapterTypeName="Microsoft.VisualStudio.TestTools.TestTypes.Unit.UnitTestAdapter" className="Microsoft.ActiveDirectory.Connector.Test.GoogleAppsV2ProxyAdapterUnitTest" name="GoogleAppsV2ProxyTestImportGroupByAnchor" />
    </UnitTest>
    <UnitTest name="GoogleAppsV2ProxyTestImportUserByAnchor" storage="f:\src\adiam_cloud_nightly_tester\bins\debug\amd64\syncfabric\tests\testproxyadapter\microsoft.activedirectory.connector.test.testproxyadapter.dll" id="b2430f61-aae0-0dba-fe0b-5495c095fe33">
      <Execution id="1de85667-d12f-4488-bf5d-552483831001" />
      <TestMethod codeBase="f:\src\Adiam_Cloud_Nightly_Tester\bins\debug\amd64\SyncFabric\Tests\TestProxyAdapter\Microsoft.ActiveDirectory.Connector.Test.TestProxyAdapter.dll" adapterTypeName="Microsoft.VisualStudio.TestTools.TestTypes.Unit.UnitTestAdapter" className="Microsoft.ActiveDirectory.Connector.Test.GoogleAppsV2ProxyAdapterUnitTest" name="GoogleAppsV2ProxyTestImportUserByAnchor" />
    </UnitTest>
    <UnitTest name="GoogleAppsV2ProxyTestImportByAnchorError" storage="f:\src\adiam_cloud_nightly_tester\bins\debug\amd64\syncfabric\tests\testproxyadapter\microsoft.activedirectory.connector.test.testproxyadapter.dll" id="b378b4c3-6f10-c7c8-0c35-13115b8213d7">
      <Execution id="7dec0bab-1bfa-400f-b58e-1277ada6ba88" />
      <TestMethod codeBase="f:\src\Adiam_Cloud_Nightly_Tester\bins\debug\amd64\SyncFabric\Tests\TestProxyAdapter\Microsoft.ActiveDirectory.Connector.Test.TestProxyAdapter.dll" adapterTypeName="Microsoft.VisualStudio.TestTools.TestTypes.Unit.UnitTestAdapter" className="Microsoft.ActiveDirectory.Connector.Test.GoogleAppsV2ProxyAdapterUnitTest" name="GoogleAppsV2ProxyTestImportByAnchorError" />
    </UnitTest>
    <UnitTest name="GoogleAppsV2ProxyTestImportGroupByJoiningProperty" storage="f:\src\adiam_cloud_nightly_tester\bins\debug\amd64\syncfabric\tests\testproxyadapter\microsoft.activedirectory.connector.test.testproxyadapter.dll" id="8d3bbd68-319e-7a93-086a-7accf74a8702">
      <Execution id="972649d8-69e9-4f20-b5a9-f401cd8d2643" />
      <TestMethod codeBase="f:\src\Adiam_Cloud_Nightly_Tester\bins\debug\amd64\SyncFabric\Tests\TestProxyAdapter\Microsoft.ActiveDirectory.Connector.Test.TestProxyAdapter.dll" adapterTypeName="Microsoft.VisualStudio.TestTools.TestTypes.Unit.UnitTestAdapter" className="Microsoft.ActiveDirectory.Connector.Test.GoogleAppsV2ProxyAdapterUnitTest" name="GoogleAppsV2ProxyTestImportGroupByJoiningProperty" />
    </UnitTest>
    <UnitTest name="GoogleAppsV2ProxyTestImportUserByJoiningProperty" storage="f:\src\adiam_cloud_nightly_tester\bins\debug\amd64\syncfabric\tests\testproxyadapter\microsoft.activedirectory.connector.test.testproxyadapter.dll" id="8e1be9ab-7caf-7274-6ec7-5d864136b0e8">
      <Execution id="87a69555-ee7e-4732-98d0-b940e300529f" />
      <TestMethod codeBase="f:\src\Adiam_Cloud_Nightly_Tester\bins\debug\amd64\SyncFabric\Tests\TestProxyAdapter\Microsoft.ActiveDirectory.Connector.Test.TestProxyAdapter.dll" adapterTypeName="Microsoft.VisualStudio.TestTools.TestTypes.Unit.UnitTestAdapter" className="Microsoft.ActiveDirectory.Connector.Test.GoogleAppsV2ProxyAdapterUnitTest" name="GoogleAppsV2ProxyTestImportUserByJoiningProperty" />
    </UnitTest>
    <UnitTest name="GoogleAppsV2ProxyTestImportError" storage="f:\src\adiam_cloud_nightly_tester\bins\debug\amd64\syncfabric\tests\testproxyadapter\microsoft.activedirectory.connector.test.testproxyadapter.dll" id="c47a1081-7f1b-b060-1c9f-6fbcf895aba2">
      <Execution id="b02c0b16-a5df-490a-89d9-4ef797f9330c" />
      <TestMethod codeBase="f:\src\Adiam_Cloud_Nightly_Tester\bins\debug\amd64\SyncFabric\Tests\TestProxyAdapter\Microsoft.ActiveDirectory.Connector.Test.TestProxyAdapter.dll" adapterTypeName="Microsoft.VisualStudio.TestTools.TestTypes.Unit.UnitTestAdapter" className="Microsoft.ActiveDirectory.Connector.Test.GoogleAppsV2ProxyAdapterUnitTest" name="GoogleAppsV2ProxyTestImportError" />
    </UnitTest>
    <UnitTest name="GoogleAppsV2ProxyTestValidateCredentials" storage="f:\src\adiam_cloud_nightly_tester\bins\debug\amd64\syncfabric\tests\testproxyadapter\microsoft.activedirectory.connector.test.testproxyadapter.dll" id="0d0ad5ee-c8ac-cce2-8afb-ec5b4ac29630">
      <Execution id="1b970132-053f-4538-8188-3fa4c275b744" />
      <TestMethod codeBase="f:\src\Adiam_Cloud_Nightly_Tester\bins\debug\amd64\SyncFabric\Tests\TestProxyAdapter\Microsoft.ActiveDirectory.Connector.Test.TestProxyAdapter.dll" adapterTypeName="Microsoft.VisualStudio.TestTools.TestTypes.Unit.UnitTestAdapter" className="Microsoft.ActiveDirectory.Connector.Test.GoogleAppsV2ProxyAdapterUnitTest" name="GoogleAppsV2ProxyTestValidateCredentials" />
    </UnitTest>
    <UnitTest name="GoogleAppsV2ProxyTestValidateStoredCredentials" storage="f:\src\adiam_cloud_nightly_tester\bins\debug\amd64\syncfabric\tests\testproxyadapter\microsoft.activedirectory.connector.test.testproxyadapter.dll" id="c5e86cd4-550c-fc22-2841-ae642c4f66d6">
      <Execution id="6a47c856-0361-4b39-b44e-aaccb7e6d338" />
      <TestMethod codeBase="f:\src\Adiam_Cloud_Nightly_Tester\bins\debug\amd64\SyncFabric\Tests\TestProxyAdapter\Microsoft.ActiveDirectory.Connector.Test.TestProxyAdapter.dll" adapterTypeName="Microsoft.VisualStudio.TestTools.TestTypes.Unit.UnitTestAdapter" className="Microsoft.ActiveDirectory.Connector.Test.GoogleAppsV2ProxyAdapterUnitTest" name="GoogleAppsV2ProxyTestValidateStoredCredentials" />
    </UnitTest>
    <UnitTest name="GoogleAppsV2ProxyTestUpdateGroupEmail" storage="f:\src\adiam_cloud_nightly_tester\bins\debug\amd64\syncfabric\tests\testproxyadapter\microsoft.activedirectory.connector.test.testproxyadapter.dll" id="25569907-649c-bdc3-f698-4e8f853c0b0c">
      <Execution id="1d4f1335-896c-4183-b2b7-1640990dbfee" />
      <TestMethod codeBase="f:\src\Adiam_Cloud_Nightly_Tester\bins\debug\amd64\SyncFabric\Tests\TestProxyAdapter\Microsoft.ActiveDirectory.Connector.Test.TestProxyAdapter.dll" adapterTypeName="Microsoft.VisualStudio.TestTools.TestTypes.Unit.UnitTestAdapter" className="Microsoft.ActiveDirectory.Connector.Test.GoogleAppsV2ProxyAdapterUnitTest" name="GoogleAppsV2ProxyTestUpdateGroupEmail" />
    </UnitTest>
    <UnitTest name="GoogleAppsV2ProxyTestUpdateUserLogin" storage="f:\src\adiam_cloud_nightly_tester\bins\debug\amd64\syncfabric\tests\testproxyadapter\microsoft.activedirectory.connector.test.testproxyadapter.dll" id="f0a5e2a2-643c-cfbb-516b-a24a63e164ed">
      <Execution id="1c39ce96-f655-418b-8da3-428ed1fd41e0" />
      <TestMethod codeBase="f:\src\Adiam_Cloud_Nightly_Tester\bins\debug\amd64\SyncFabric\Tests\TestProxyAdapter\Microsoft.ActiveDirectory.Connector.Test.TestProxyAdapter.dll" adapterTypeName="Microsoft.VisualStudio.TestTools.TestTypes.Unit.UnitTestAdapter" className="Microsoft.ActiveDirectory.Connector.Test.GoogleAppsV2ProxyAdapterUnitTest" name="GoogleAppsV2ProxyTestUpdateUserLogin" />
    </UnitTest>
    <UnitTest name="DocuSign_TestAddExistingUser" storage="f:\src\adiam_cloud_nightly_tester\bins\debug\amd64\syncfabric\tests\testproxyadapter\microsoft.activedirectory.connector.test.testproxyadapter.dll" id="b5789d7a-cf8f-9d5e-53be-2e0e52775d25">
      <Execution id="cd6443eb-e8f9-4753-910c-f13391656b3b" />
      <TestMethod codeBase="f:\src\Adiam_Cloud_Nightly_Tester\bins\debug\amd64\SyncFabric\Tests\TestProxyAdapter\Microsoft.ActiveDirectory.Connector.Test.TestProxyAdapter.dll" adapterTypeName="Microsoft.VisualStudio.TestTools.TestTypes.Unit.UnitTestAdapter" className="Microsoft.ActiveDirectory.Connector.Test.DocuSignProxyAdapterTest" name="DocuSign_TestAddExistingUser" />
    </UnitTest>
    <UnitTest name="DocuSign_TestImport" storage="f:\src\adiam_cloud_nightly_tester\bins\debug\amd64\syncfabric\tests\testproxyadapter\microsoft.activedirectory.connector.test.testproxyadapter.dll" id="b4e77dd6-9b5d-0d26-de58-7c8c81992456">
      <Execution id="ce1e7313-a870-49e3-8dbb-07369abd78eb" />
      <TestMethod codeBase="f:\src\Adiam_Cloud_Nightly_Tester\bins\debug\amd64\SyncFabric\Tests\TestProxyAdapter\Microsoft.ActiveDirectory.Connector.Test.TestProxyAdapter.dll" adapterTypeName="Microsoft.VisualStudio.TestTools.TestTypes.Unit.UnitTestAdapter" className="Microsoft.ActiveDirectory.Connector.Test.DocuSignProxyAdapterTest" name="DocuSign_TestImport" />
    </UnitTest>
    <UnitTest name="DocuSign_TestImportError" storage="f:\src\adiam_cloud_nightly_tester\bins\debug\amd64\syncfabric\tests\testproxyadapter\microsoft.activedirectory.connector.test.testproxyadapter.dll" id="abd7e0ba-5b26-1bba-6689-8463a1f1911a">
      <Execution id="6a570d65-b3bb-4a2f-925f-5b4ee49bc826" />
      <TestMethod codeBase="f:\src\Adiam_Cloud_Nightly_Tester\bins\debug\amd64\SyncFabric\Tests\TestProxyAdapter\Microsoft.ActiveDirectory.Connector.Test.TestProxyAdapter.dll" adapterTypeName="Microsoft.VisualStudio.TestTools.TestTypes.Unit.UnitTestAdapter" className="Microsoft.ActiveDirectory.Connector.Test.DocuSignProxyAdapterTest" name="DocuSign_TestImportError" />
    </UnitTest>
    <UnitTest name="DocuSign_TestValidateCredentials" storage="f:\src\adiam_cloud_nightly_tester\bins\debug\amd64\syncfabric\tests\testproxyadapter\microsoft.activedirectory.connector.test.testproxyadapter.dll" id="a1757e4f-71e1-d03f-ea96-ed55ffe85463">
      <Execution id="515f392b-4a5b-4809-9344-ce71713b551c" />
      <TestMethod codeBase="f:\src\Adiam_Cloud_Nightly_Tester\bins\debug\amd64\SyncFabric\Tests\TestProxyAdapter\Microsoft.ActiveDirectory.Connector.Test.TestProxyAdapter.dll" adapterTypeName="Microsoft.VisualStudio.TestTools.TestTypes.Unit.UnitTestAdapter" className="Microsoft.ActiveDirectory.Connector.Test.DocuSignProxyAdapterTest" name="DocuSign_TestValidateCredentials" />
    </UnitTest>
    <UnitTest name="JiveTestExport" storage="f:\src\adiam_cloud_nightly_tester\bins\debug\amd64\syncfabric\tests\testproxyadapter\microsoft.activedirectory.connector.test.testproxyadapter.dll" id="1d8d0aa6-66b2-c850-1cfe-831c63d15b1e">
      <Execution id="3781ad61-0143-4e09-ba2a-fb5c8ebbeca3" />
      <TestMethod codeBase="f:\src\Adiam_Cloud_Nightly_Tester\bins\debug\amd64\SyncFabric\Tests\TestProxyAdapter\Microsoft.ActiveDirectory.Connector.Test.TestProxyAdapter.dll" adapterTypeName="Microsoft.VisualStudio.TestTools.TestTypes.Unit.UnitTestAdapter" className="Microsoft.ActiveDirectory.Connector.Test.JiveProxyAdapterUnitTest" name="JiveTestExport" />
    </UnitTest>
    <UnitTest name="JiveTestExportError" storage="f:\src\adiam_cloud_nightly_tester\bins\debug\amd64\syncfabric\tests\testproxyadapter\microsoft.activedirectory.connector.test.testproxyadapter.dll" id="86430774-7c36-7017-6309-a7ef0f89ebe7">
      <Execution id="6f2552e8-d65b-436e-92ee-95eaed93c58a" />
      <TestMethod codeBase="f:\src\Adiam_Cloud_Nightly_Tester\bins\debug\amd64\SyncFabric\Tests\TestProxyAdapter\Microsoft.ActiveDirectory.Connector.Test.TestProxyAdapter.dll" adapterTypeName="Microsoft.VisualStudio.TestTools.TestTypes.Unit.UnitTestAdapter" className="Microsoft.ActiveDirectory.Connector.Test.JiveProxyAdapterUnitTest" name="JiveTestExportError" />
    </UnitTest>
    <UnitTest name="JiveTestFullImport" storage="f:\src\adiam_cloud_nightly_tester\bins\debug\amd64\syncfabric\tests\testproxyadapter\microsoft.activedirectory.connector.test.testproxyadapter.dll" id="0f2681f7-1010-34d9-47e5-ff2dcb21af63">
      <Execution id="4bd5c8e2-144d-4837-86b5-10367d94bb8d" />
      <TestMethod codeBase="f:\src\Adiam_Cloud_Nightly_Tester\bins\debug\amd64\SyncFabric\Tests\TestProxyAdapter\Microsoft.ActiveDirectory.Connector.Test.TestProxyAdapter.dll" adapterTypeName="Microsoft.VisualStudio.TestTools.TestTypes.Unit.UnitTestAdapter" className="Microsoft.ActiveDirectory.Connector.Test.JiveProxyAdapterUnitTest" name="JiveTestFullImport" />
    </UnitTest>
    <UnitTest name="JiveTestImportByAnchor" storage="f:\src\adiam_cloud_nightly_tester\bins\debug\amd64\syncfabric\tests\testproxyadapter\microsoft.activedirectory.connector.test.testproxyadapter.dll" id="b714ab82-03e7-59a0-9f1f-7c148a68b064">
      <Execution id="ee15dd0c-370a-4e16-b3cf-a97db2eaef39" />
      <TestMethod codeBase="f:\src\Adiam_Cloud_Nightly_Tester\bins\debug\amd64\SyncFabric\Tests\TestProxyAdapter\Microsoft.ActiveDirectory.Connector.Test.TestProxyAdapter.dll" adapterTypeName="Microsoft.VisualStudio.TestTools.TestTypes.Unit.UnitTestAdapter" className="Microsoft.ActiveDirectory.Connector.Test.JiveProxyAdapterUnitTest" name="JiveTestImportByAnchor" />
    </UnitTest>
    <UnitTest name="JiveTestImportByAnchorError" storage="f:\src\adiam_cloud_nightly_tester\bins\debug\amd64\syncfabric\tests\testproxyadapter\microsoft.activedirectory.connector.test.testproxyadapter.dll" id="fd729553-89f8-2016-dca6-562dc0e18ec9">
      <Execution id="c45cc948-2745-4752-83f7-ad21f772bd43" />
      <TestMethod codeBase="f:\src\Adiam_Cloud_Nightly_Tester\bins\debug\amd64\SyncFabric\Tests\TestProxyAdapter\Microsoft.ActiveDirectory.Connector.Test.TestProxyAdapter.dll" adapterTypeName="Microsoft.VisualStudio.TestTools.TestTypes.Unit.UnitTestAdapter" className="Microsoft.ActiveDirectory.Connector.Test.JiveProxyAdapterUnitTest" name="JiveTestImportByAnchorError" />
    </UnitTest>
    <UnitTest name="JiveTestImportByJoiningProperty" storage="f:\src\adiam_cloud_nightly_tester\bins\debug\amd64\syncfabric\tests\testproxyadapter\microsoft.activedirectory.connector.test.testproxyadapter.dll" id="7f4780c7-2ead-21bd-62d9-479a866dbfaa">
      <Execution id="cf2dbae5-439b-4b54-844a-ae8f8ecf4770" />
      <TestMethod codeBase="f:\src\Adiam_Cloud_Nightly_Tester\bins\debug\amd64\SyncFabric\Tests\TestProxyAdapter\Microsoft.ActiveDirectory.Connector.Test.TestProxyAdapter.dll" adapterTypeName="Microsoft.VisualStudio.TestTools.TestTypes.Unit.UnitTestAdapter" className="Microsoft.ActiveDirectory.Connector.Test.JiveProxyAdapterUnitTest" name="JiveTestImportByJoiningProperty" />
    </UnitTest>
    <UnitTest name="JiveTestImportError" storage="f:\src\adiam_cloud_nightly_tester\bins\debug\amd64\syncfabric\tests\testproxyadapter\microsoft.activedirectory.connector.test.testproxyadapter.dll" id="a9d008f0-4ea7-239c-37c3-a74011ebb7fe">
      <Execution id="23052603-1738-4dc3-9479-dda6ddf591a4" />
      <TestMethod codeBase="f:\src\Adiam_Cloud_Nightly_Tester\bins\debug\amd64\SyncFabric\Tests\TestProxyAdapter\Microsoft.ActiveDirectory.Connector.Test.TestProxyAdapter.dll" adapterTypeName="Microsoft.VisualStudio.TestTools.TestTypes.Unit.UnitTestAdapter" className="Microsoft.ActiveDirectory.Connector.Test.JiveProxyAdapterUnitTest" name="JiveTestImportError" />
    </UnitTest>
    <UnitTest name="JiveTestTryValidateCredentials" storage="f:\src\adiam_cloud_nightly_tester\bins\debug\amd64\syncfabric\tests\testproxyadapter\microsoft.activedirectory.connector.test.testproxyadapter.dll" id="012d05d3-cdda-ef0e-7ee0-ce2fd3edc5cb">
      <Execution id="c889cc58-522d-4126-a36d-390c569ef76e" />
      <TestMethod codeBase="f:\src\Adiam_Cloud_Nightly_Tester\bins\debug\amd64\SyncFabric\Tests\TestProxyAdapter\Microsoft.ActiveDirectory.Connector.Test.TestProxyAdapter.dll" adapterTypeName="Microsoft.VisualStudio.TestTools.TestTypes.Unit.UnitTestAdapter" className="Microsoft.ActiveDirectory.Connector.Test.JiveProxyAdapterUnitTest" name="JiveTestTryValidateCredentials" />
    </UnitTest>
    <UnitTest name="JiveTestUpdateUserName" storage="f:\src\adiam_cloud_nightly_tester\bins\debug\amd64\syncfabric\tests\testproxyadapter\microsoft.activedirectory.connector.test.testproxyadapter.dll" id="ba6386bc-ee07-82a7-7130-4007442a1286">
      <Execution id="51fb48e4-2836-4dfc-a928-0f59c613c58f" />
      <TestMethod codeBase="f:\src\Adiam_Cloud_Nightly_Tester\bins\debug\amd64\SyncFabric\Tests\TestProxyAdapter\Microsoft.ActiveDirectory.Connector.Test.TestProxyAdapter.dll" adapterTypeName="Microsoft.VisualStudio.TestTools.TestTypes.Unit.UnitTestAdapter" className="Microsoft.ActiveDirectory.Connector.Test.JiveProxyAdapterUnitTest" name="JiveTestUpdateUserName" />
    </UnitTest>
    <UnitTest name="NetSuite_TestExport" storage="f:\src\adiam_cloud_nightly_tester\bins\debug\amd64\syncfabric\tests\testproxyadapter\microsoft.activedirectory.connector.test.testproxyadapter.dll" id="57eae8a4-fc62-b1c1-6eb1-3c0d514aea83">
      <Execution id="fe455946-55bf-4bca-8b31-22f224da0786" />
      <TestMethod codeBase="f:\src\Adiam_Cloud_Nightly_Tester\bins\debug\amd64\SyncFabric\Tests\TestProxyAdapter\Microsoft.ActiveDirectory.Connector.Test.TestProxyAdapter.dll" adapterTypeName="Microsoft.VisualStudio.TestTools.TestTypes.Unit.UnitTestAdapter" className="Microsoft.ActiveDirectory.Connector.Test.NetSuiteProxyAdapterTest" name="NetSuite_TestExport" />
    </UnitTest>
  </TestDefinitions>
  <TestEntries>
    <TestEntry testId="91024be9-0f79-b390-5aca-3daaf7d8c013" executionId="84ef650d-1596-430d-883f-d4097eff5078" testListId="8c84fa94-04c1-424b-9868-57a2d4851a1d" />
    <TestEntry testId="f926c559-69a0-5a07-ba92-85028f61db87" executionId="224590c5-e716-491b-ab03-2cf3b8628c23" testListId="8c84fa94-04c1-424b-9868-57a2d4851a1d" />
    <TestEntry testId="7687a9b4-511a-4d06-dc58-1dbc6556df71" executionId="91b3e44f-3712-4fa0-93e5-75f765e37cb5" testListId="8c84fa94-04c1-424b-9868-57a2d4851a1d" />
    <TestEntry testId="a067bbae-5425-2ff6-a413-d8b72b4e3c55" executionId="cbbd4ee5-9edb-45af-88b7-b8bc92c7354e" testListId="8c84fa94-04c1-424b-9868-57a2d4851a1d" />
    <TestEntry testId="5d582fc7-7eda-679c-f765-d0a39a30dae2" executionId="c5908354-850c-476b-b0cd-5a16057682f1" testListId="8c84fa94-04c1-424b-9868-57a2d4851a1d" />
    <TestEntry testId="955bf2eb-d744-a0a9-cc59-dffdc24bfc72" executionId="012f5da5-f3e8-47d7-9a48-a0489280ecf6" testListId="8c84fa94-04c1-424b-9868-57a2d4851a1d" />
    <TestEntry testId="cba37b4a-9b74-c1c3-3e2d-f6060895afe7" executionId="b95ff8c1-2a26-4a73-8de2-ff8d6cdebea3" testListId="8c84fa94-04c1-424b-9868-57a2d4851a1d" />
    <TestEntry testId="27788f1a-25e4-97e5-1de8-23ce4c3bb266" executionId="f1aff999-7a3b-4ec7-9acf-b3b4c477ef93" testListId="8c84fa94-04c1-424b-9868-57a2d4851a1d" />
    <TestEntry testId="3c4dc27f-cdac-f9c7-b5d2-13fbb439c116" executionId="b3436651-8aaf-4e34-9706-da27e6b98045" testListId="8c84fa94-04c1-424b-9868-57a2d4851a1d" />
    <TestEntry testId="04e14fca-0d7b-f9bf-15b2-4a6d73917532" executionId="c3358181-cbff-4ba7-b17d-d4bcfaebf919" testListId="8c84fa94-04c1-424b-9868-57a2d4851a1d" />
    <TestEntry testId="7d9b61f7-701b-2396-8a26-0a8a8f4cc81b" executionId="c8f9f007-a1ca-42c1-89e6-74d8e2ebdda0" testListId="8c84fa94-04c1-424b-9868-57a2d4851a1d" />
    <TestEntry testId="3dd030f6-48eb-af70-a4d9-48bee558d806" executionId="f6ef35d1-808b-499c-9b7d-a7e24259d8e1" testListId="8c84fa94-04c1-424b-9868-57a2d4851a1d" />
    <TestEntry testId="38e3e925-7c1b-d0d1-0470-148eaa52394f" executionId="e1426660-c9d7-4aaf-b5ec-cd7f07b1b792" testListId="8c84fa94-04c1-424b-9868-57a2d4851a1d" />
    <TestEntry testId="0de52321-87a7-c5aa-a1f6-30b68d3d6ed6" executionId="b47eabad-3a7b-49e3-ae09-83d9771b24e9" testListId="8c84fa94-04c1-424b-9868-57a2d4851a1d" />
    <TestEntry testId="b2430f61-aae0-0dba-fe0b-5495c095fe33" executionId="1de85667-d12f-4488-bf5d-552483831001" testListId="8c84fa94-04c1-424b-9868-57a2d4851a1d" />
    <TestEntry testId="b378b4c3-6f10-c7c8-0c35-13115b8213d7" executionId="7dec0bab-1bfa-400f-b58e-1277ada6ba88" testListId="8c84fa94-04c1-424b-9868-57a2d4851a1d" />
    <TestEntry testId="8d3bbd68-319e-7a93-086a-7accf74a8702" executionId="972649d8-69e9-4f20-b5a9-f401cd8d2643" testListId="8c84fa94-04c1-424b-9868-57a2d4851a1d" />
    <TestEntry testId="8e1be9ab-7caf-7274-6ec7-5d864136b0e8" executionId="87a69555-ee7e-4732-98d0-b940e300529f" testListId="8c84fa94-04c1-424b-9868-57a2d4851a1d" />
    <TestEntry testId="c47a1081-7f1b-b060-1c9f-6fbcf895aba2" executionId="b02c0b16-a5df-490a-89d9-4ef797f9330c" testListId="8c84fa94-04c1-424b-9868-57a2d4851a1d" />
    <TestEntry testId="0d0ad5ee-c8ac-cce2-8afb-ec5b4ac29630" executionId="1b970132-053f-4538-8188-3fa4c275b744" testListId="8c84fa94-04c1-424b-9868-57a2d4851a1d" />
    <TestEntry testId="c5e86cd4-550c-fc22-2841-ae642c4f66d6" executionId="6a47c856-0361-4b39-b44e-aaccb7e6d338" testListId="8c84fa94-04c1-424b-9868-57a2d4851a1d" />
    <TestEntry testId="25569907-649c-bdc3-f698-4e8f853c0b0c" executionId="1d4f1335-896c-4183-b2b7-1640990dbfee" testListId="8c84fa94-04c1-424b-9868-57a2d4851a1d" />
    <TestEntry testId="f0a5e2a2-643c-cfbb-516b-a24a63e164ed" executionId="1c39ce96-f655-418b-8da3-428ed1fd41e0" testListId="8c84fa94-04c1-424b-9868-57a2d4851a1d" />
    <TestEntry testId="b5789d7a-cf8f-9d5e-53be-2e0e52775d25" executionId="cd6443eb-e8f9-4753-910c-f13391656b3b" testListId="8c84fa94-04c1-424b-9868-57a2d4851a1d" />
    <TestEntry testId="b4e77dd6-9b5d-0d26-de58-7c8c81992456" executionId="ce1e7313-a870-49e3-8dbb-07369abd78eb" testListId="8c84fa94-04c1-424b-9868-57a2d4851a1d" />
    <TestEntry testId="abd7e0ba-5b26-1bba-6689-8463a1f1911a" executionId="6a570d65-b3bb-4a2f-925f-5b4ee49bc826" testListId="8c84fa94-04c1-424b-9868-57a2d4851a1d" />
    <TestEntry testId="a1757e4f-71e1-d03f-ea96-ed55ffe85463" executionId="515f392b-4a5b-4809-9344-ce71713b551c" testListId="8c84fa94-04c1-424b-9868-57a2d4851a1d" />
    <TestEntry testId="1d8d0aa6-66b2-c850-1cfe-831c63d15b1e" executionId="3781ad61-0143-4e09-ba2a-fb5c8ebbeca3" testListId="8c84fa94-04c1-424b-9868-57a2d4851a1d" />
    <TestEntry testId="86430774-7c36-7017-6309-a7ef0f89ebe7" executionId="6f2552e8-d65b-436e-92ee-95eaed93c58a" testListId="8c84fa94-04c1-424b-9868-57a2d4851a1d" />
    <TestEntry testId="0f2681f7-1010-34d9-47e5-ff2dcb21af63" executionId="4bd5c8e2-144d-4837-86b5-10367d94bb8d" testListId="8c84fa94-04c1-424b-9868-57a2d4851a1d" />
    <TestEntry testId="b714ab82-03e7-59a0-9f1f-7c148a68b064" executionId="ee15dd0c-370a-4e16-b3cf-a97db2eaef39" testListId="8c84fa94-04c1-424b-9868-57a2d4851a1d" />
    <TestEntry testId="fd729553-89f8-2016-dca6-562dc0e18ec9" executionId="c45cc948-2745-4752-83f7-ad21f772bd43" testListId="8c84fa94-04c1-424b-9868-57a2d4851a1d" />
    <TestEntry testId="7f4780c7-2ead-21bd-62d9-479a866dbfaa" executionId="cf2dbae5-439b-4b54-844a-ae8f8ecf4770" testListId="8c84fa94-04c1-424b-9868-57a2d4851a1d" />
    <TestEntry testId="a9d008f0-4ea7-239c-37c3-a74011ebb7fe" executionId="23052603-1738-4dc3-9479-dda6ddf591a4" testListId="8c84fa94-04c1-424b-9868-57a2d4851a1d" />
    <TestEntry testId="012d05d3-cdda-ef0e-7ee0-ce2fd3edc5cb" executionId="c889cc58-522d-4126-a36d-390c569ef76e" testListId="8c84fa94-04c1-424b-9868-57a2d4851a1d" />
    <TestEntry testId="ba6386bc-ee07-82a7-7130-4007442a1286" executionId="51fb48e4-2836-4dfc-a928-0f59c613c58f" testListId="8c84fa94-04c1-424b-9868-57a2d4851a1d" />
    <TestEntry testId="57eae8a4-fc62-b1c1-6eb1-3c0d514aea83" executionId="fe455946-55bf-4bca-8b31-22f224da0786" testListId="8c84fa94-04c1-424b-9868-57a2d4851a1d" />
  </TestEntries>
  <TestLists>
    <TestList name="Results Not in a List" id="8c84fa94-04c1-424b-9868-57a2d4851a1d" />
    <TestList name="All Loaded Results" id="19431567-8539-422a-85d7-44ee4e166bda" />
  </TestLists>
  <ResultSummary outcome="Failed">
    <Counters total="37" executed="37" passed="36" failed="1" error="0" timeout="0" aborted="0" inconclusive="0" passedButRunAborted="0" notRunnable="0" notExecuted="0" disconnected="0" warning="0" completed="0" inProgress="0" pending="0" />
    <RunInfos>
      <RunInfo computerName="PRANAY-TEST" outcome="Warning" timestamp="2014-08-08T12:15:21.5488789-07:00">
        <Text>System.AppDomainUnloadedException: Attempted to access an unloaded AppDomain. This can happen if the test(s) started a thread but did not stop it. Make sure that all the threads started by the test(s) are stopped before completion.</Text>
      </RunInfo>
      <RunInfo computerName="PRANAY-TEST" outcome="Warning" timestamp="2014-08-08T12:15:21.5498800-07:00">
        <Text>System.AppDomainUnloadedException: Attempted to access an unloaded AppDomain. This can happen if the test(s) started a thread but did not stop it. Make sure that all the threads started by the test(s) are stopped before completion.</Text>
      </RunInfo>
      <RunInfo computerName="PRANAY-TEST" outcome="Warning" timestamp="2014-08-08T12:15:21.5498800-07:00">
        <Text>System.AppDomainUnloadedException: Attempted to access an unloaded AppDomain. This can happen if the test(s) started a thread but did not stop it. Make sure that all the threads started by the test(s) are stopped before completion.</Text>
      </RunInfo>
      <RunInfo computerName="PRANAY-TEST" outcome="Warning" timestamp="2014-08-08T12:15:21.5508811-07:00">
        <Text>System.AppDomainUnloadedException: Attempted to access an unloaded AppDomain. This can happen if the test(s) started a thread but did not stop it. Make sure that all the threads started by the test(s) are stopped before completion.</Text>
      </RunInfo>
      <RunInfo computerName="PRANAY-TEST" outcome="Warning" timestamp="2014-08-08T12:15:21.5508811-07:00">
        <Text>System.AppDomainUnloadedException: Attempted to access an unloaded AppDomain. This can happen if the test(s) started a thread but did not stop it. Make sure that all the threads started by the test(s) are stopped before completion.</Text>
      </RunInfo>
      <RunInfo computerName="PRANAY-TEST" outcome="Warning" timestamp="2014-08-08T12:15:21.5508811-07:00">
        <Text>System.AppDomainUnloadedException: Attempted to access an unloaded AppDomain. This can happen if the test(s) started a thread but did not stop it. Make sure that all the threads started by the test(s) are stopped before completion.</Text>
      </RunInfo>
      <RunInfo computerName="PRANAY-TEST" outcome="Warning" timestamp="2014-08-08T12:15:21.5508811-07:00">
        <Text>System.AppDomainUnloadedException: Attempted to access an unloaded AppDomain. This can happen if the test(s) started a thread but did not stop it. Make sure that all the threads started by the test(s) are stopped before completion.</Text>
      </RunInfo>
      <RunInfo computerName="PRANAY-TEST" outcome="Warning" timestamp="2014-08-08T12:15:21.5518822-07:00">
        <Text>System.AppDomainUnloadedException: Attempted to access an unloaded AppDomain. This can happen if the test(s) started a thread but did not stop it. Make sure that all the threads started by the test(s) are stopped before completion.</Text>
      </RunInfo>
      <RunInfo computerName="PRANAY-TEST" outcome="Warning" timestamp="2014-08-08T12:15:21.5518822-07:00">
        <Text>System.AppDomainUnloadedException: Attempted to access an unloaded AppDomain. This can happen if the test(s) started a thread but did not stop it. Make sure that all the threads started by the test(s) are stopped before completion.</Text>
      </RunInfo>
      <RunInfo computerName="PRANAY-TEST" outcome="Warning" timestamp="2014-08-08T12:15:21.5518822-07:00">
        <Text>System.AppDomainUnloadedException: Attempted to access an unloaded AppDomain. This can happen if the test(s) started a thread but did not stop it. Make sure that all the threads started by the test(s) are stopped before completion.</Text>
      </RunInfo>
      <RunInfo computerName="PRANAY-TEST" outcome="Warning" timestamp="2014-08-08T12:15:21.5528833-07:00">
        <Text>System.AppDomainUnloadedException: Attempted to access an unloaded AppDomain. This can happen if the test(s) started a thread but did not stop it. Make sure that all the threads started by the test(s) are stopped before completion.</Text>
      </RunInfo>
      <RunInfo computerName="PRANAY-TEST" outcome="Warning" timestamp="2014-08-08T12:15:21.5528833-07:00">
        <Text>System.AppDomainUnloadedException: Attempted to access an unloaded AppDomain. This can happen if the test(s) started a thread but did not stop it. Make sure that all the threads started by the test(s) are stopped before completion.</Text>
      </RunInfo>
      <RunInfo computerName="PRANAY-TEST" outcome="Warning" timestamp="2014-08-08T12:15:21.5528833-07:00">
        <Text>System.AppDomainUnloadedException: Attempted to access an unloaded AppDomain. This can happen if the test(s) started a thread but did not stop it. Make sure that all the threads started by the test(s) are stopped before completion.</Text>
      </RunInfo>
      <RunInfo computerName="PRANAY-TEST" outcome="Warning" timestamp="2014-08-08T12:15:21.5538844-07:00">
        <Text>System.AppDomainUnloadedException: Attempted to access an unloaded AppDomain. This can happen if the test(s) started a thread but did not stop it. Make sure that all the threads started by the test(s) are stopped before completion.</Text>
      </RunInfo>
      <RunInfo computerName="PRANAY-TEST" outcome="Warning" timestamp="2014-08-08T12:15:21.5548855-07:00">
        <Text>System.AppDomainUnloadedException: Attempted to access an unloaded AppDomain. This can happen if the test(s) started a thread but did not stop it. Make sure that all the threads started by the test(s) are stopped before completion.</Text>
      </RunInfo>
      <RunInfo computerName="PRANAY-TEST" outcome="Warning" timestamp="2014-08-08T12:15:21.5558866-07:00">
        <Text>System.AppDomainUnloadedException: Attempted to access an unloaded AppDomain. This can happen if the test(s) started a thread but did not stop it. Make sure that all the threads started by the test(s) are stopped before completion.</Text>
      </RunInfo>
      <RunInfo computerName="PRANAY-TEST" outcome="Warning" timestamp="2014-08-08T12:15:21.5558866-07:00">
        <Text>System.AppDomainUnloadedException: Attempted to access an unloaded AppDomain. This can happen if the test(s) started a thread but did not stop it. Make sure that all the threads started by the test(s) are stopped before completion.</Text>
      </RunInfo>
      <RunInfo computerName="PRANAY-TEST" outcome="Warning" timestamp="2014-08-08T12:15:21.5558866-07:00">
        <Text>System.AppDomainUnloadedException: Attempted to access an unloaded AppDomain. This can happen if the test(s) started a thread but did not stop it. Make sure that all the threads started by the test(s) are stopped before completion.</Text>
      </RunInfo>
      <RunInfo computerName="PRANAY-TEST" outcome="Warning" timestamp="2014-08-08T12:15:21.5568877-07:00">
        <Text>System.AppDomainUnloadedException: Attempted to access an unloaded AppDomain. This can happen if the test(s) started a thread but did not stop it. Make sure that all the threads started by the test(s) are stopped before completion.</Text>
      </RunInfo>
      <RunInfo computerName="PRANAY-TEST" outcome="Warning" timestamp="2014-08-08T12:15:21.5588899-07:00">
        <Text>System.AppDomainUnloadedException: Attempted to access an unloaded AppDomain. This can happen if the test(s) started a thread but did not stop it. Make sure that all the threads started by the test(s) are stopped before completion.</Text>
      </RunInfo>
      <RunInfo computerName="PRANAY-TEST" outcome="Warning" timestamp="2014-08-08T12:15:21.5598910-07:00">
        <Text>System.AppDomainUnloadedException: Attempted to access an unloaded AppDomain. This can happen if the test(s) started a thread but did not stop it. Make sure that all the threads started by the test(s) are stopped before completion.</Text>
      </RunInfo>
      <RunInfo computerName="PRANAY-TEST" outcome="Warning" timestamp="2014-08-08T12:15:21.5608921-07:00">
        <Text>System.AppDomainUnloadedException: Attempted to access an unloaded AppDomain. This can happen if the test(s) started a thread but did not stop it. Make sure that all the threads started by the test(s) are stopped before completion.</Text>
      </RunInfo>
    </RunInfos>
  </ResultSummary>
</TestRun>