<?xml version="1.0" encoding="UTF-8"?>
<TestRun id="79b3fc0f-fb2a-4939-ab0c-2c13392517d5" name="pranayp@PRANAY-TEST 2014-08-08 11:39:26" runUser="REDMOND\pranayp" xmlns="http://microsoft.com/schemas/VisualStudio/TeamTest/2010">
  <Times creation="2014-08-08T11:39:26.3148691-07:00" queuing="2014-08-08T11:39:26.3168691-07:00" start="2014-08-08T11:39:26.3238691-07:00" finish="2014-08-08T11:42:33.5418691-07:00" />
  <TestSettings name="default" id="233bd6a3-4c35-4c27-9a62-799797dbe1a4">
    <Execution>
      <TestTypeSpecific />
    </Execution>
    <Deployment runDeploymentRoot="pranayp_PRANAY-TEST 2014-08-08 11_39_26" />
  </TestSettings>
  <Results>
    <UnitTestResult executionId="440371c1-b1f7-4f86-8a02-d12f294392ab" testId="ba4a45df-b6a0-4c94-d783-90dba16e6369" testName="ConcurProxyAdapterTest_Export" computerName="PRANAY-TEST" duration="00:00:49.2962172" startTime="2014-08-08T11:38:35.8838691-07:00" endTime="2014-08-08T11:39:25.7238691-07:00" testType="13cdc9d9-ddb5-4fa4-a97d-d965ccfc6d4b" outcome="Passed" testListId="8c84fa94-04c1-424b-9868-57a2d4851a1d" relativeResultsDirectory="440371c1-b1f7-4f86-8a02-d12f294392ab" />
    <UnitTestResult executionId="9b8f9cd0-b56d-4847-b3d6-d63f61b70de8" testId="1cd557eb-71b3-ee78-c92c-ff44717d90d6" testName="ConcurProxyAdapterTest_ExportWithErrors" computerName="PRANAY-TEST" duration="00:00:08.5580774" startTime="2014-08-08T11:39:26.4128691-07:00" endTime="2014-08-08T11:39:34.9708691-07:00" testType="13cdc9d9-ddb5-4fa4-a97d-d965ccfc6d4b" outcome="Passed" testListId="8c84fa94-04c1-424b-9868-57a2d4851a1d" relativeResultsDirectory="9b8f9cd0-b56d-4847-b3d6-d63f61b70de8" />
    <UnitTestResult executionId="a908ad83-4e55-4a45-884b-440b7c07d174" testId="5cedac59-2f4a-a83b-6f58-1f458b92172f" testName="ConcurProxyAdapterTest_ImportExistingUser" computerName="PRANAY-TEST" duration="00:00:07.9291548" startTime="2014-08-08T11:39:35.0008691-07:00" endTime="2014-08-08T11:39:42.9298691-07:00" testType="13cdc9d9-ddb5-4fa4-a97d-d965ccfc6d4b" outcome="Passed" testListId="8c84fa94-04c1-424b-9868-57a2d4851a1d" relativeResultsDirectory="a908ad83-4e55-4a45-884b-440b7c07d174" />
    <UnitTestResult executionId="c87b7c23-1afe-4d99-92e8-203ac83fe55e" testId="687dfcd0-7afd-c819-9731-4944ab371aa9" testName="ConcurProxyAdapterTest_ImportWithExceptions" computerName="PRANAY-TEST" duration="00:00:55.1522907" startTime="2014-08-08T11:39:42.9388691-07:00" endTime="2014-08-08T11:40:38.0888691-07:00" testType="13cdc9d9-ddb5-4fa4-a97d-d965ccfc6d4b" outcome="Passed" testListId="8c84fa94-04c1-424b-9868-57a2d4851a1d" relativeResultsDirectory="c87b7c23-1afe-4d99-92e8-203ac83fe55e" />
    <UnitTestResult executionId="12e9fce3-148c-4112-9881-ebc3c8254455" testId="3cea4d4c-6dbb-833a-4504-e1dd102669db" testName="ConcurProxyAdapterTest_ExportWithExceptions" computerName="PRANAY-TEST" duration="00:00:44.5498478" startTime="2014-08-08T11:40:38.1118691-07:00" endTime="2014-08-08T11:41:22.6608691-07:00" testType="13cdc9d9-ddb5-4fa4-a97d-d965ccfc6d4b" outcome="Passed" testListId="8c84fa94-04c1-424b-9868-57a2d4851a1d" relativeResultsDirectory="12e9fce3-148c-4112-9881-ebc3c8254455" />
    <UnitTestResult executionId="f2246772-eaa5-4f8b-b7df-cddb164f80b7" testId="c54a6815-1719-61a3-f7a7-a238e312e5b1" testName="ConcurProxyAdapterTest_ValidateCredentials" computerName="PRANAY-TEST" duration="00:00:01.2250187" startTime="2014-08-08T11:41:22.6858691-07:00" endTime="2014-08-08T11:41:23.9118691-07:00" testType="13cdc9d9-ddb5-4fa4-a97d-d965ccfc6d4b" outcome="Passed" testListId="8c84fa94-04c1-424b-9868-57a2d4851a1d" relativeResultsDirectory="f2246772-eaa5-4f8b-b7df-cddb164f80b7" />
    <UnitTestResult executionId="84758b60-05be-47a9-9ca1-4a9db21617e7" testId="cac7658f-505c-e31f-f8cd-80fa656fe293" testName="ConcurWebClientUnitTest_GetLists" computerName="PRANAY-TEST" duration="00:00:02.4656131" startTime="2014-08-08T11:41:23.9998691-07:00" endTime="2014-08-08T11:41:26.4668691-07:00" testType="13cdc9d9-ddb5-4fa4-a97d-d965ccfc6d4b" outcome="Passed" testListId="8c84fa94-04c1-424b-9868-57a2d4851a1d" relativeResultsDirectory="84758b60-05be-47a9-9ca1-4a9db21617e7" />
    <UnitTestResult executionId="c2184596-960d-4a76-bf63-f6db8e4d3af1" testId="9e55a8c5-d42c-e0ab-ebce-a03da689687e" testName="ConcurWebClientUnitTest_GetListItems" computerName="PRANAY-TEST" duration="00:00:01.7109907" startTime="2014-08-08T11:41:26.4758691-07:00" endTime="2014-08-08T11:41:28.1878691-07:00" testType="13cdc9d9-ddb5-4fa4-a97d-d965ccfc6d4b" outcome="Passed" testListId="8c84fa94-04c1-424b-9868-57a2d4851a1d" relativeResultsDirectory="c2184596-960d-4a76-bf63-f6db8e4d3af1" />
    <UnitTestResult executionId="cf0f19e5-3011-4fcd-a6b8-7fffdd7b27ef" testId="20511c02-f23b-ded3-caff-62a60ba472ef" testName="ConcurWebClientUnitTest_GetUserCurrent" computerName="PRANAY-TEST" duration="00:00:01.1628205" startTime="2014-08-08T11:41:28.2468691-07:00" endTime="2014-08-08T11:41:29.4098691-07:00" testType="13cdc9d9-ddb5-4fa4-a97d-d965ccfc6d4b" outcome="Passed" testListId="8c84fa94-04c1-424b-9868-57a2d4851a1d" relativeResultsDirectory="cf0f19e5-3011-4fcd-a6b8-7fffdd7b27ef" />
    <UnitTestResult executionId="5b70f90c-2de5-470c-8a57-a8c9bfdb17c0" testId="fc5ecb34-8d3b-c3f1-c0c8-ad4f84040c65" testName="ConcurWebClientUnitTest_GetUserNonExistingUser" computerName="PRANAY-TEST" duration="00:00:02.2538843" startTime="2014-08-08T11:41:29.4128691-07:00" endTime="2014-08-08T11:41:31.6668691-07:00" testType="13cdc9d9-ddb5-4fa4-a97d-d965ccfc6d4b" outcome="Passed" testListId="8c84fa94-04c1-424b-9868-57a2d4851a1d" relativeResultsDirectory="5b70f90c-2de5-470c-8a57-a8c9bfdb17c0" />
    <UnitTestResult executionId="7a665d3a-ee9d-4d7d-ba8c-997b4588a16f" testId="d9235f0d-54c0-c8c5-ef9b-d2d14db81e38" testName="ConcurWebClientUnitTest_LogOnUnauthorized" computerName="PRANAY-TEST" duration="00:00:01.1969007" startTime="2014-08-08T11:41:31.6768691-07:00" endTime="2014-08-08T11:41:32.8748691-07:00" testType="13cdc9d9-ddb5-4fa4-a97d-d965ccfc6d4b" outcome="Passed" testListId="8c84fa94-04c1-424b-9868-57a2d4851a1d" relativeResultsDirectory="7a665d3a-ee9d-4d7d-ba8c-997b4588a16f" />
    <UnitTestResult executionId="6a6febe1-cbad-462e-8101-918d0435727b" testId="0ec997df-36a1-90ae-c4c0-7ea1d3a28cf5" testName="ConcurWebClientUnitTest_UpdateUsersCreateUser" computerName="PRANAY-TEST" duration="00:00:25.3002712" startTime="2014-08-08T11:41:32.9578691-07:00" endTime="2014-08-08T11:41:58.2578691-07:00" testType="13cdc9d9-ddb5-4fa4-a97d-d965ccfc6d4b" outcome="Passed" testListId="8c84fa94-04c1-424b-9868-57a2d4851a1d" relativeResultsDirectory="6a6febe1-cbad-462e-8101-918d0435727b" />
    <UnitTestResult executionId="f430e5e2-3829-44f0-b994-79df513e6787" testId="45bf4967-ef9b-f492-99ff-aef38451a67e" testName="ConcurWebClientUnitTest_UpdateUsersUpdateProperty" computerName="PRANAY-TEST" duration="00:00:08.9084857" startTime="2014-08-08T11:41:58.2708691-07:00" endTime="2014-08-08T11:42:07.1798691-07:00" testType="13cdc9d9-ddb5-4fa4-a97d-d965ccfc6d4b" outcome="Passed" testListId="8c84fa94-04c1-424b-9868-57a2d4851a1d" relativeResultsDirectory="f430e5e2-3829-44f0-b994-79df513e6787" />
    <UnitTestResult executionId="58897ba3-0fe3-4ea1-a319-3d6a768e07e5" testId="669f512c-a39f-87bd-4074-096216d78698" testName="ConcurWebClientUnitTest_UpdateUsersUpdateJoiningProperty" computerName="PRANAY-TEST" duration="00:00:13.1805412" startTime="2014-08-08T11:42:07.2848691-07:00" endTime="2014-08-08T11:42:20.4658691-07:00" testType="13cdc9d9-ddb5-4fa4-a97d-d965ccfc6d4b" outcome="Passed" testListId="8c84fa94-04c1-424b-9868-57a2d4851a1d" relativeResultsDirectory="58897ba3-0fe3-4ea1-a319-3d6a768e07e5" />
    <UnitTestResult executionId="2b2d950f-cc2f-4309-99ed-cda2b1a60295" testId="026748de-419f-252e-9ec5-bf8a291e25f3" testName="ConcurWebClientUnitTest_UpdateUsersWithError" computerName="PRANAY-TEST" duration="00:00:06.2924115" startTime="2014-08-08T11:42:20.4748691-07:00" endTime="2014-08-08T11:42:26.7678691-07:00" testType="13cdc9d9-ddb5-4fa4-a97d-d965ccfc6d4b" outcome="Passed" testListId="8c84fa94-04c1-424b-9868-57a2d4851a1d" relativeResultsDirectory="2b2d950f-cc2f-4309-99ed-cda2b1a60295" />
    <UnitTestResult executionId="36779306-8f42-4cb4-9592-a416e6981958" testId="313131a4-93f0-b6fe-bdf3-6e658c446092" testName="ConcurWebClientUnitTest_UpdateUsersDeleteUser" computerName="PRANAY-TEST" duration="00:00:05.8978151" startTime="2014-08-08T11:42:26.7808691-07:00" endTime="2014-08-08T11:42:32.6798691-07:00" testType="13cdc9d9-ddb5-4fa4-a97d-d965ccfc6d4b" outcome="Passed" testListId="8c84fa94-04c1-424b-9868-57a2d4851a1d" relativeResultsDirectory="36779306-8f42-4cb4-9592-a416e6981958" />
  </Results>
  <TestDefinitions>
    <UnitTest name="ConcurProxyAdapterTest_Export" storage="f:\src\adiam_cloud_nightly_tester\bins\debug\amd64\syncfabric\tests\testconcurproxyadapter\microsoft.activedirectory.connector.test.testconcurproxyadapter.dll" id="ba4a45df-b6a0-4c94-d783-90dba16e6369">
      <Execution id="440371c1-b1f7-4f86-8a02-d12f294392ab" />
      <TestMethod codeBase="f:\src\Adiam_Cloud_Nightly_Tester\bins\debug\amd64\SyncFabric\Tests\TestConcurProxyAdapter\Microsoft.ActiveDirectory.Connector.Test.TestConcurProxyAdapter.dll" adapterTypeName="Microsoft.VisualStudio.TestTools.TestTypes.Unit.UnitTestAdapter" className="Microsoft.ActiveDirectory.Connector.Test.ConcurProxyAdapterTest" name="ConcurProxyAdapterTest_Export" />
    </UnitTest>
    <UnitTest name="ConcurProxyAdapterTest_ExportWithErrors" storage="f:\src\adiam_cloud_nightly_tester\bins\debug\amd64\syncfabric\tests\testconcurproxyadapter\microsoft.activedirectory.connector.test.testconcurproxyadapter.dll" id="1cd557eb-71b3-ee78-c92c-ff44717d90d6">
      <Execution id="9b8f9cd0-b56d-4847-b3d6-d63f61b70de8" />
      <TestMethod codeBase="f:\src\Adiam_Cloud_Nightly_Tester\bins\debug\amd64\SyncFabric\Tests\TestConcurProxyAdapter\Microsoft.ActiveDirectory.Connector.Test.TestConcurProxyAdapter.dll" adapterTypeName="Microsoft.VisualStudio.TestTools.TestTypes.Unit.UnitTestAdapter" className="Microsoft.ActiveDirectory.Connector.Test.ConcurProxyAdapterTest" name="ConcurProxyAdapterTest_ExportWithErrors" />
    </UnitTest>
    <UnitTest name="ConcurProxyAdapterTest_ImportExistingUser" storage="f:\src\adiam_cloud_nightly_tester\bins\debug\amd64\syncfabric\tests\testconcurproxyadapter\microsoft.activedirectory.connector.test.testconcurproxyadapter.dll" id="5cedac59-2f4a-a83b-6f58-1f458b92172f">
      <Execution id="a908ad83-4e55-4a45-884b-440b7c07d174" />
      <TestMethod codeBase="f:\src\Adiam_Cloud_Nightly_Tester\bins\debug\amd64\SyncFabric\Tests\TestConcurProxyAdapter\Microsoft.ActiveDirectory.Connector.Test.TestConcurProxyAdapter.dll" adapterTypeName="Microsoft.VisualStudio.TestTools.TestTypes.Unit.UnitTestAdapter" className="Microsoft.ActiveDirectory.Connector.Test.ConcurProxyAdapterTest" name="ConcurProxyAdapterTest_ImportExistingUser" />
    </UnitTest>
    <UnitTest name="ConcurProxyAdapterTest_ImportWithExceptions" storage="f:\src\adiam_cloud_nightly_tester\bins\debug\amd64\syncfabric\tests\testconcurproxyadapter\microsoft.activedirectory.connector.test.testconcurproxyadapter.dll" id="687dfcd0-7afd-c819-9731-4944ab371aa9">
      <Execution id="c87b7c23-1afe-4d99-92e8-203ac83fe55e" />
      <TestMethod codeBase="f:\src\Adiam_Cloud_Nightly_Tester\bins\debug\amd64\SyncFabric\Tests\TestConcurProxyAdapter\Microsoft.ActiveDirectory.Connector.Test.TestConcurProxyAdapter.dll" adapterTypeName="Microsoft.VisualStudio.TestTools.TestTypes.Unit.UnitTestAdapter" className="Microsoft.ActiveDirectory.Connector.Test.ConcurProxyAdapterTest" name="ConcurProxyAdapterTest_ImportWithExceptions" />
    </UnitTest>
    <UnitTest name="ConcurProxyAdapterTest_ExportWithExceptions" storage="f:\src\adiam_cloud_nightly_tester\bins\debug\amd64\syncfabric\tests\testconcurproxyadapter\microsoft.activedirectory.connector.test.testconcurproxyadapter.dll" id="3cea4d4c-6dbb-833a-4504-e1dd102669db">
      <Execution id="12e9fce3-148c-4112-9881-ebc3c8254455" />
      <TestMethod codeBase="f:\src\Adiam_Cloud_Nightly_Tester\bins\debug\amd64\SyncFabric\Tests\TestConcurProxyAdapter\Microsoft.ActiveDirectory.Connector.Test.TestConcurProxyAdapter.dll" adapterTypeName="Microsoft.VisualStudio.TestTools.TestTypes.Unit.UnitTestAdapter" className="Microsoft.ActiveDirectory.Connector.Test.ConcurProxyAdapterTest" name="ConcurProxyAdapterTest_ExportWithExceptions" />
    </UnitTest>
    <UnitTest name="ConcurProxyAdapterTest_ValidateCredentials" storage="f:\src\adiam_cloud_nightly_tester\bins\debug\amd64\syncfabric\tests\testconcurproxyadapter\microsoft.activedirectory.connector.test.testconcurproxyadapter.dll" id="c54a6815-1719-61a3-f7a7-a238e312e5b1">
      <Execution id="f2246772-eaa5-4f8b-b7df-cddb164f80b7" />
      <TestMethod codeBase="f:\src\Adiam_Cloud_Nightly_Tester\bins\debug\amd64\SyncFabric\Tests\TestConcurProxyAdapter\Microsoft.ActiveDirectory.Connector.Test.TestConcurProxyAdapter.dll" adapterTypeName="Microsoft.VisualStudio.TestTools.TestTypes.Unit.UnitTestAdapter" className="Microsoft.ActiveDirectory.Connector.Test.ConcurProxyAdapterTest" name="ConcurProxyAdapterTest_ValidateCredentials" />
    </UnitTest>
    <UnitTest name="ConcurWebClientUnitTest_GetLists" storage="f:\src\adiam_cloud_nightly_tester\bins\debug\amd64\syncfabric\tests\testconcurproxyadapter\microsoft.activedirectory.connector.test.testconcurproxyadapter.dll" id="cac7658f-505c-e31f-f8cd-80fa656fe293">
      <Execution id="84758b60-05be-47a9-9ca1-4a9db21617e7" />
      <TestMethod codeBase="f:\src\Adiam_Cloud_Nightly_Tester\bins\debug\amd64\SyncFabric\Tests\TestConcurProxyAdapter\Microsoft.ActiveDirectory.Connector.Test.TestConcurProxyAdapter.dll" adapterTypeName="Microsoft.VisualStudio.TestTools.TestTypes.Unit.UnitTestAdapter" className="Microsoft.ActiveDirectory.Connector.Test.ConcurWebClientUnitTest" name="ConcurWebClientUnitTest_GetLists" />
    </UnitTest>
    <UnitTest name="ConcurWebClientUnitTest_GetListItems" storage="f:\src\adiam_cloud_nightly_tester\bins\debug\amd64\syncfabric\tests\testconcurproxyadapter\microsoft.activedirectory.connector.test.testconcurproxyadapter.dll" id="9e55a8c5-d42c-e0ab-ebce-a03da689687e">
      <Execution id="c2184596-960d-4a76-bf63-f6db8e4d3af1" />
      <TestMethod codeBase="f:\src\Adiam_Cloud_Nightly_Tester\bins\debug\amd64\SyncFabric\Tests\TestConcurProxyAdapter\Microsoft.ActiveDirectory.Connector.Test.TestConcurProxyAdapter.dll" adapterTypeName="Microsoft.VisualStudio.TestTools.TestTypes.Unit.UnitTestAdapter" className="Microsoft.ActiveDirectory.Connector.Test.ConcurWebClientUnitTest" name="ConcurWebClientUnitTest_GetListItems" />
    </UnitTest>
    <UnitTest name="ConcurWebClientUnitTest_GetUserCurrent" storage="f:\src\adiam_cloud_nightly_tester\bins\debug\amd64\syncfabric\tests\testconcurproxyadapter\microsoft.activedirectory.connector.test.testconcurproxyadapter.dll" id="20511c02-f23b-ded3-caff-62a60ba472ef">
      <Execution id="cf0f19e5-3011-4fcd-a6b8-7fffdd7b27ef" />
      <TestMethod codeBase="f:\src\Adiam_Cloud_Nightly_Tester\bins\debug\amd64\SyncFabric\Tests\TestConcurProxyAdapter\Microsoft.ActiveDirectory.Connector.Test.TestConcurProxyAdapter.dll" adapterTypeName="Microsoft.VisualStudio.TestTools.TestTypes.Unit.UnitTestAdapter" className="Microsoft.ActiveDirectory.Connector.Test.ConcurWebClientUnitTest" name="ConcurWebClientUnitTest_GetUserCurrent" />
    </UnitTest>
    <UnitTest name="ConcurWebClientUnitTest_GetUserNonExistingUser" storage="f:\src\adiam_cloud_nightly_tester\bins\debug\amd64\syncfabric\tests\testconcurproxyadapter\microsoft.activedirectory.connector.test.testconcurproxyadapter.dll" id="fc5ecb34-8d3b-c3f1-c0c8-ad4f84040c65">
      <Execution id="5b70f90c-2de5-470c-8a57-a8c9bfdb17c0" />
      <TestMethod codeBase="f:\src\Adiam_Cloud_Nightly_Tester\bins\debug\amd64\SyncFabric\Tests\TestConcurProxyAdapter\Microsoft.ActiveDirectory.Connector.Test.TestConcurProxyAdapter.dll" adapterTypeName="Microsoft.VisualStudio.TestTools.TestTypes.Unit.UnitTestAdapter" className="Microsoft.ActiveDirectory.Connector.Test.ConcurWebClientUnitTest" name="ConcurWebClientUnitTest_GetUserNonExistingUser" />
    </UnitTest>
    <UnitTest name="ConcurWebClientUnitTest_LogOnUnauthorized" storage="f:\src\adiam_cloud_nightly_tester\bins\debug\amd64\syncfabric\tests\testconcurproxyadapter\microsoft.activedirectory.connector.test.testconcurproxyadapter.dll" id="d9235f0d-54c0-c8c5-ef9b-d2d14db81e38">
      <Execution id="7a665d3a-ee9d-4d7d-ba8c-997b4588a16f" />
      <TestMethod codeBase="f:\src\Adiam_Cloud_Nightly_Tester\bins\debug\amd64\SyncFabric\Tests\TestConcurProxyAdapter\Microsoft.ActiveDirectory.Connector.Test.TestConcurProxyAdapter.dll" adapterTypeName="Microsoft.VisualStudio.TestTools.TestTypes.Unit.UnitTestAdapter" className="Microsoft.ActiveDirectory.Connector.Test.ConcurWebClientUnitTest" name="ConcurWebClientUnitTest_LogOnUnauthorized" />
    </UnitTest>
    <UnitTest name="ConcurWebClientUnitTest_UpdateUsersCreateUser" storage="f:\src\adiam_cloud_nightly_tester\bins\debug\amd64\syncfabric\tests\testconcurproxyadapter\microsoft.activedirectory.connector.test.testconcurproxyadapter.dll" id="0ec997df-36a1-90ae-c4c0-7ea1d3a28cf5">
      <Execution id="6a6febe1-cbad-462e-8101-918d0435727b" />
      <TestMethod codeBase="f:\src\Adiam_Cloud_Nightly_Tester\bins\debug\amd64\SyncFabric\Tests\TestConcurProxyAdapter\Microsoft.ActiveDirectory.Connector.Test.TestConcurProxyAdapter.dll" adapterTypeName="Microsoft.VisualStudio.TestTools.TestTypes.Unit.UnitTestAdapter" className="Microsoft.ActiveDirectory.Connector.Test.ConcurWebClientUnitTest" name="ConcurWebClientUnitTest_UpdateUsersCreateUser" />
    </UnitTest>
    <UnitTest name="ConcurWebClientUnitTest_UpdateUsersUpdateProperty" storage="f:\src\adiam_cloud_nightly_tester\bins\debug\amd64\syncfabric\tests\testconcurproxyadapter\microsoft.activedirectory.connector.test.testconcurproxyadapter.dll" id="45bf4967-ef9b-f492-99ff-aef38451a67e">
      <Execution id="f430e5e2-3829-44f0-b994-79df513e6787" />
      <TestMethod codeBase="f:\src\Adiam_Cloud_Nightly_Tester\bins\debug\amd64\SyncFabric\Tests\TestConcurProxyAdapter\Microsoft.ActiveDirectory.Connector.Test.TestConcurProxyAdapter.dll" adapterTypeName="Microsoft.VisualStudio.TestTools.TestTypes.Unit.UnitTestAdapter" className="Microsoft.ActiveDirectory.Connector.Test.ConcurWebClientUnitTest" name="ConcurWebClientUnitTest_UpdateUsersUpdateProperty" />
    </UnitTest>
    <UnitTest name="ConcurWebClientUnitTest_UpdateUsersUpdateJoiningProperty" storage="f:\src\adiam_cloud_nightly_tester\bins\debug\amd64\syncfabric\tests\testconcurproxyadapter\microsoft.activedirectory.connector.test.testconcurproxyadapter.dll" id="669f512c-a39f-87bd-4074-096216d78698">
      <Execution id="58897ba3-0fe3-4ea1-a319-3d6a768e07e5" />
      <TestMethod codeBase="f:\src\Adiam_Cloud_Nightly_Tester\bins\debug\amd64\SyncFabric\Tests\TestConcurProxyAdapter\Microsoft.ActiveDirectory.Connector.Test.TestConcurProxyAdapter.dll" adapterTypeName="Microsoft.VisualStudio.TestTools.TestTypes.Unit.UnitTestAdapter" className="Microsoft.ActiveDirectory.Connector.Test.ConcurWebClientUnitTest" name="ConcurWebClientUnitTest_UpdateUsersUpdateJoiningProperty" />
    </UnitTest>
    <UnitTest name="ConcurWebClientUnitTest_UpdateUsersWithError" storage="f:\src\adiam_cloud_nightly_tester\bins\debug\amd64\syncfabric\tests\testconcurproxyadapter\microsoft.activedirectory.connector.test.testconcurproxyadapter.dll" id="026748de-419f-252e-9ec5-bf8a291e25f3">
      <Execution id="2b2d950f-cc2f-4309-99ed-cda2b1a60295" />
      <TestMethod codeBase="f:\src\Adiam_Cloud_Nightly_Tester\bins\debug\amd64\SyncFabric\Tests\TestConcurProxyAdapter\Microsoft.ActiveDirectory.Connector.Test.TestConcurProxyAdapter.dll" adapterTypeName="Microsoft.VisualStudio.TestTools.TestTypes.Unit.UnitTestAdapter" className="Microsoft.ActiveDirectory.Connector.Test.ConcurWebClientUnitTest" name="ConcurWebClientUnitTest_UpdateUsersWithError" />
    </UnitTest>
    <UnitTest name="ConcurWebClientUnitTest_UpdateUsersDeleteUser" storage="f:\src\adiam_cloud_nightly_tester\bins\debug\amd64\syncfabric\tests\testconcurproxyadapter\microsoft.activedirectory.connector.test.testconcurproxyadapter.dll" id="313131a4-93f0-b6fe-bdf3-6e658c446092">
      <Execution id="36779306-8f42-4cb4-9592-a416e6981958" />
      <TestMethod codeBase="f:\src\Adiam_Cloud_Nightly_Tester\bins\debug\amd64\SyncFabric\Tests\TestConcurProxyAdapter\Microsoft.ActiveDirectory.Connector.Test.TestConcurProxyAdapter.dll" adapterTypeName="Microsoft.VisualStudio.TestTools.TestTypes.Unit.UnitTestAdapter" className="Microsoft.ActiveDirectory.Connector.Test.ConcurWebClientUnitTest" name="ConcurWebClientUnitTest_UpdateUsersDeleteUser" />
    </UnitTest>
  </TestDefinitions>
  <TestEntries>
    <TestEntry testId="ba4a45df-b6a0-4c94-d783-90dba16e6369" executionId="440371c1-b1f7-4f86-8a02-d12f294392ab" testListId="8c84fa94-04c1-424b-9868-57a2d4851a1d" />
    <TestEntry testId="1cd557eb-71b3-ee78-c92c-ff44717d90d6" executionId="9b8f9cd0-b56d-4847-b3d6-d63f61b70de8" testListId="8c84fa94-04c1-424b-9868-57a2d4851a1d" />
    <TestEntry testId="5cedac59-2f4a-a83b-6f58-1f458b92172f" executionId="a908ad83-4e55-4a45-884b-440b7c07d174" testListId="8c84fa94-04c1-424b-9868-57a2d4851a1d" />
    <TestEntry testId="687dfcd0-7afd-c819-9731-4944ab371aa9" executionId="c87b7c23-1afe-4d99-92e8-203ac83fe55e" testListId="8c84fa94-04c1-424b-9868-57a2d4851a1d" />
    <TestEntry testId="3cea4d4c-6dbb-833a-4504-e1dd102669db" executionId="12e9fce3-148c-4112-9881-ebc3c8254455" testListId="8c84fa94-04c1-424b-9868-57a2d4851a1d" />
    <TestEntry testId="c54a6815-1719-61a3-f7a7-a238e312e5b1" executionId="f2246772-eaa5-4f8b-b7df-cddb164f80b7" testListId="8c84fa94-04c1-424b-9868-57a2d4851a1d" />
    <TestEntry testId="cac7658f-505c-e31f-f8cd-80fa656fe293" executionId="84758b60-05be-47a9-9ca1-4a9db21617e7" testListId="8c84fa94-04c1-424b-9868-57a2d4851a1d" />
    <TestEntry testId="9e55a8c5-d42c-e0ab-ebce-a03da689687e" executionId="c2184596-960d-4a76-bf63-f6db8e4d3af1" testListId="8c84fa94-04c1-424b-9868-57a2d4851a1d" />
    <TestEntry testId="20511c02-f23b-ded3-caff-62a60ba472ef" executionId="cf0f19e5-3011-4fcd-a6b8-7fffdd7b27ef" testListId="8c84fa94-04c1-424b-9868-57a2d4851a1d" />
    <TestEntry testId="fc5ecb34-8d3b-c3f1-c0c8-ad4f84040c65" executionId="5b70f90c-2de5-470c-8a57-a8c9bfdb17c0" testListId="8c84fa94-04c1-424b-9868-57a2d4851a1d" />
    <TestEntry testId="d9235f0d-54c0-c8c5-ef9b-d2d14db81e38" executionId="7a665d3a-ee9d-4d7d-ba8c-997b4588a16f" testListId="8c84fa94-04c1-424b-9868-57a2d4851a1d" />
    <TestEntry testId="0ec997df-36a1-90ae-c4c0-7ea1d3a28cf5" executionId="6a6febe1-cbad-462e-8101-918d0435727b" testListId="8c84fa94-04c1-424b-9868-57a2d4851a1d" />
    <TestEntry testId="45bf4967-ef9b-f492-99ff-aef38451a67e" executionId="f430e5e2-3829-44f0-b994-79df513e6787" testListId="8c84fa94-04c1-424b-9868-57a2d4851a1d" />
    <TestEntry testId="669f512c-a39f-87bd-4074-096216d78698" executionId="58897ba3-0fe3-4ea1-a319-3d6a768e07e5" testListId="8c84fa94-04c1-424b-9868-57a2d4851a1d" />
    <TestEntry testId="026748de-419f-252e-9ec5-bf8a291e25f3" executionId="2b2d950f-cc2f-4309-99ed-cda2b1a60295" testListId="8c84fa94-04c1-424b-9868-57a2d4851a1d" />
    <TestEntry testId="313131a4-93f0-b6fe-bdf3-6e658c446092" executionId="36779306-8f42-4cb4-9592-a416e6981958" testListId="8c84fa94-04c1-424b-9868-57a2d4851a1d" />
  </TestEntries>
  <TestLists>
    <TestList name="Results Not in a List" id="8c84fa94-04c1-424b-9868-57a2d4851a1d" />
    <TestList name="All Loaded Results" id="19431567-8539-422a-85d7-44ee4e166bda" />
  </TestLists>
  <ResultSummary outcome="Completed">
    <Counters total="16" executed="16" passed="16" failed="0" error="0" timeout="0" aborted="0" inconclusive="0" passedButRunAborted="0" notRunnable="0" notExecuted="0" disconnected="0" warning="0" completed="0" inProgress="0" pending="0" />
    <RunInfos>
      <RunInfo computerName="PRANAY-TEST" outcome="Warning" timestamp="2014-08-08T11:42:33.2278691-07:00">
        <Text>System.AppDomainUnloadedException: Attempted to access an unloaded AppDomain. This can happen if the test(s) started a thread but did not stop it. Make sure that all the threads started by the test(s) are stopped before completion.</Text>
      </RunInfo>
      <RunInfo computerName="PRANAY-TEST" outcome="Warning" timestamp="2014-08-08T11:42:33.2288691-07:00">
        <Text>System.AppDomainUnloadedException: Attempted to access an unloaded AppDomain. This can happen if the test(s) started a thread but did not stop it. Make sure that all the threads started by the test(s) are stopped before completion.</Text>
      </RunInfo>
      <RunInfo computerName="PRANAY-TEST" outcome="Warning" timestamp="2014-08-08T11:42:33.2298691-07:00">
        <Text>System.AppDomainUnloadedException: Attempted to access an unloaded AppDomain. This can happen if the test(s) started a thread but did not stop it. Make sure that all the threads started by the test(s) are stopped before completion.</Text>
      </RunInfo>
      <RunInfo computerName="PRANAY-TEST" outcome="Warning" timestamp="2014-08-08T11:42:33.2308691-07:00">
        <Text>System.AppDomainUnloadedException: Attempted to access an unloaded AppDomain. This can happen if the test(s) started a thread but did not stop it. Make sure that all the threads started by the test(s) are stopped before completion.</Text>
      </RunInfo>
      <RunInfo computerName="PRANAY-TEST" outcome="Warning" timestamp="2014-08-08T11:42:33.2318691-07:00">
        <Text>System.AppDomainUnloadedException: Attempted to access an unloaded AppDomain. This can happen if the test(s) started a thread but did not stop it. Make sure that all the threads started by the test(s) are stopped before completion.</Text>
      </RunInfo>
      <RunInfo computerName="PRANAY-TEST" outcome="Warning" timestamp="2014-08-08T11:42:33.2328691-07:00">
        <Text>System.AppDomainUnloadedException: Attempted to access an unloaded AppDomain. This can happen if the test(s) started a thread but did not stop it. Make sure that all the threads started by the test(s) are stopped before completion.</Text>
      </RunInfo>
      <RunInfo computerName="PRANAY-TEST" outcome="Warning" timestamp="2014-08-08T11:42:33.2368691-07:00">
        <Text>System.AppDomainUnloadedException: Attempted to access an unloaded AppDomain. This can happen if the test(s) started a thread but did not stop it. Make sure that all the threads started by the test(s) are stopped before completion.</Text>
      </RunInfo>
      <RunInfo computerName="PRANAY-TEST" outcome="Warning" timestamp="2014-08-08T11:42:33.2378691-07:00">
        <Text>System.AppDomainUnloadedException: Attempted to access an unloaded AppDomain. This can happen if the test(s) started a thread but did not stop it. Make sure that all the threads started by the test(s) are stopped before completion.</Text>
      </RunInfo>
      <RunInfo computerName="PRANAY-TEST" outcome="Warning" timestamp="2014-08-08T11:42:33.2378691-07:00">
        <Text>System.AppDomainUnloadedException: Attempted to access an unloaded AppDomain. This can happen if the test(s) started a thread but did not stop it. Make sure that all the threads started by the test(s) are stopped before completion.</Text>
      </RunInfo>
      <RunInfo computerName="PRANAY-TEST" outcome="Warning" timestamp="2014-08-08T11:42:33.2388691-07:00">
        <Text>System.AppDomainUnloadedException: Attempted to access an unloaded AppDomain. This can happen if the test(s) started a thread but did not stop it. Make sure that all the threads started by the test(s) are stopped before completion.</Text>
      </RunInfo>
      <RunInfo computerName="PRANAY-TEST" outcome="Warning" timestamp="2014-08-08T11:42:33.2388691-07:00">
        <Text>System.AppDomainUnloadedException: Attempted to access an unloaded AppDomain. This can happen if the test(s) started a thread but did not stop it. Make sure that all the threads started by the test(s) are stopped before completion.</Text>
      </RunInfo>
      <RunInfo computerName="PRANAY-TEST" outcome="Warning" timestamp="2014-08-08T11:42:33.2388691-07:00">
        <Text>System.AppDomainUnloadedException: Attempted to access an unloaded AppDomain. This can happen if the test(s) started a thread but did not stop it. Make sure that all the threads started by the test(s) are stopped before completion.</Text>
      </RunInfo>
      <RunInfo computerName="PRANAY-TEST" outcome="Warning" timestamp="2014-08-08T11:42:33.2398691-07:00">
        <Text>System.AppDomainUnloadedException: Attempted to access an unloaded AppDomain. This can happen if the test(s) started a thread but did not stop it. Make sure that all the threads started by the test(s) are stopped before completion.</Text>
      </RunInfo>
      <RunInfo computerName="PRANAY-TEST" outcome="Warning" timestamp="2014-08-08T11:42:33.2398691-07:00">
        <Text>System.AppDomainUnloadedException: Attempted to access an unloaded AppDomain. This can happen if the test(s) started a thread but did not stop it. Make sure that all the threads started by the test(s) are stopped before completion.</Text>
      </RunInfo>
      <RunInfo computerName="PRANAY-TEST" outcome="Warning" timestamp="2014-08-08T11:42:33.2408691-07:00">
        <Text>System.AppDomainUnloadedException: Attempted to access an unloaded AppDomain. This can happen if the test(s) started a thread but did not stop it. Make sure that all the threads started by the test(s) are stopped before completion.</Text>
      </RunInfo>
      <RunInfo computerName="PRANAY-TEST" outcome="Warning" timestamp="2014-08-08T11:42:33.2408691-07:00">
        <Text>System.AppDomainUnloadedException: Attempted to access an unloaded AppDomain. This can happen if the test(s) started a thread but did not stop it. Make sure that all the threads started by the test(s) are stopped before completion.</Text>
      </RunInfo>
      <RunInfo computerName="PRANAY-TEST" outcome="Warning" timestamp="2014-08-08T11:42:33.2418691-07:00">
        <Text>System.AppDomainUnloadedException: Attempted to access an unloaded AppDomain. This can happen if the test(s) started a thread but did not stop it. Make sure that all the threads started by the test(s) are stopped before completion.</Text>
      </RunInfo>
      <RunInfo computerName="PRANAY-TEST" outcome="Warning" timestamp="2014-08-08T11:42:33.2418691-07:00">
        <Text>System.AppDomainUnloadedException: Attempted to access an unloaded AppDomain. This can happen if the test(s) started a thread but did not stop it. Make sure that all the threads started by the test(s) are stopped before completion.</Text>
      </RunInfo>
      <RunInfo computerName="PRANAY-TEST" outcome="Warning" timestamp="2014-08-08T11:42:33.2418691-07:00">
        <Text>System.AppDomainUnloadedException: Attempted to access an unloaded AppDomain. This can happen if the test(s) started a thread but did not stop it. Make sure that all the threads started by the test(s) are stopped before completion.</Text>
      </RunInfo>
      <RunInfo computerName="PRANAY-TEST" outcome="Warning" timestamp="2014-08-08T11:42:33.2418691-07:00">
        <Text>System.AppDomainUnloadedException: Attempted to access an unloaded AppDomain. This can happen if the test(s) started a thread but did not stop it. Make sure that all the threads started by the test(s) are stopped before completion.</Text>
      </RunInfo>
      <RunInfo computerName="PRANAY-TEST" outcome="Warning" timestamp="2014-08-08T11:42:33.2428691-07:00">
        <Text>System.AppDomainUnloadedException: Attempted to access an unloaded AppDomain. This can happen if the test(s) started a thread but did not stop it. Make sure that all the threads started by the test(s) are stopped before completion.</Text>
      </RunInfo>
      <RunInfo computerName="PRANAY-TEST" outcome="Warning" timestamp="2014-08-08T11:42:33.2428691-07:00">
        <Text>System.AppDomainUnloadedException: Attempted to access an unloaded AppDomain. This can happen if the test(s) started a thread but did not stop it. Make sure that all the threads started by the test(s) are stopped before completion.</Text>
      </RunInfo>
      <RunInfo computerName="PRANAY-TEST" outcome="Warning" timestamp="2014-08-08T11:42:33.2448691-07:00">
        <Text>System.AppDomainUnloadedException: Attempted to access an unloaded AppDomain. This can happen if the test(s) started a thread but did not stop it. Make sure that all the threads started by the test(s) are stopped before completion.</Text>
      </RunInfo>
      <RunInfo computerName="PRANAY-TEST" outcome="Warning" timestamp="2014-08-08T11:42:33.2448691-07:00">
        <Text>System.AppDomainUnloadedException: Attempted to access an unloaded AppDomain. This can happen if the test(s) started a thread but did not stop it. Make sure that all the threads started by the test(s) are stopped before completion.</Text>
      </RunInfo>
      <RunInfo computerName="PRANAY-TEST" outcome="Warning" timestamp="2014-08-08T11:42:33.2458691-07:00">
        <Text>System.AppDomainUnloadedException: Attempted to access an unloaded AppDomain. This can happen if the test(s) started a thread but did not stop it. Make sure that all the threads started by the test(s) are stopped before completion.</Text>
      </RunInfo>
      <RunInfo computerName="PRANAY-TEST" outcome="Warning" timestamp="2014-08-08T11:42:33.2488691-07:00">
        <Text>System.AppDomainUnloadedException: Attempted to access an unloaded AppDomain. This can happen if the test(s) started a thread but did not stop it. Make sure that all the threads started by the test(s) are stopped before completion.</Text>
      </RunInfo>
      <RunInfo computerName="PRANAY-TEST" outcome="Warning" timestamp="2014-08-08T11:42:33.2498691-07:00">
        <Text>System.AppDomainUnloadedException: Attempted to access an unloaded AppDomain. This can happen if the test(s) started a thread but did not stop it. Make sure that all the threads started by the test(s) are stopped before completion.</Text>
      </RunInfo>
      <RunInfo computerName="PRANAY-TEST" outcome="Warning" timestamp="2014-08-08T11:42:33.2498691-07:00">
        <Text>System.AppDomainUnloadedException: Attempted to access an unloaded AppDomain. This can happen if the test(s) started a thread but did not stop it. Make sure that all the threads started by the test(s) are stopped before completion.</Text>
      </RunInfo>
      <RunInfo computerName="PRANAY-TEST" outcome="Warning" timestamp="2014-08-08T11:42:33.2508691-07:00">
        <Text>System.AppDomainUnloadedException: Attempted to access an unloaded AppDomain. This can happen if the test(s) started a thread but did not stop it. Make sure that all the threads started by the test(s) are stopped before completion.</Text>
      </RunInfo>
      <RunInfo computerName="PRANAY-TEST" outcome="Warning" timestamp="2014-08-08T11:42:33.2508691-07:00">
        <Text>System.AppDomainUnloadedException: Attempted to access an unloaded AppDomain. This can happen if the test(s) started a thread but did not stop it. Make sure that all the threads started by the test(s) are stopped before completion.</Text>
      </RunInfo>
      <RunInfo computerName="PRANAY-TEST" outcome="Warning" timestamp="2014-08-08T11:42:33.2518691-07:00">
        <Text>System.AppDomainUnloadedException: Attempted to access an unloaded AppDomain. This can happen if the test(s) started a thread but did not stop it. Make sure that all the threads started by the test(s) are stopped before completion.</Text>
      </RunInfo>
      <RunInfo computerName="PRANAY-TEST" outcome="Warning" timestamp="2014-08-08T11:42:33.2518691-07:00">
        <Text>System.AppDomainUnloadedException: Attempted to access an unloaded AppDomain. This can happen if the test(s) started a thread but did not stop it. Make sure that all the threads started by the test(s) are stopped before completion.</Text>
      </RunInfo>
      <RunInfo computerName="PRANAY-TEST" outcome="Warning" timestamp="2014-08-08T11:42:33.2528691-07:00">
        <Text>System.AppDomainUnloadedException: Attempted to access an unloaded AppDomain. This can happen if the test(s) started a thread but did not stop it. Make sure that all the threads started by the test(s) are stopped before completion.</Text>
      </RunInfo>
      <RunInfo computerName="PRANAY-TEST" outcome="Warning" timestamp="2014-08-08T11:42:33.2528691-07:00">
        <Text>System.AppDomainUnloadedException: Attempted to access an unloaded AppDomain. This can happen if the test(s) started a thread but did not stop it. Make sure that all the threads started by the test(s) are stopped before completion.</Text>
      </RunInfo>
      <RunInfo computerName="PRANAY-TEST" outcome="Warning" timestamp="2014-08-08T11:42:33.2528691-07:00">
        <Text>System.AppDomainUnloadedException: Attempted to access an unloaded AppDomain. This can happen if the test(s) started a thread but did not stop it. Make sure that all the threads started by the test(s) are stopped before completion.</Text>
      </RunInfo>
      <RunInfo computerName="PRANAY-TEST" outcome="Warning" timestamp="2014-08-08T11:42:33.2538691-07:00">
        <Text>System.AppDomainUnloadedException: Attempted to access an unloaded AppDomain. This can happen if the test(s) started a thread but did not stop it. Make sure that all the threads started by the test(s) are stopped before completion.</Text>
      </RunInfo>
      <RunInfo computerName="PRANAY-TEST" outcome="Warning" timestamp="2014-08-08T11:42:33.2548691-07:00">
        <Text>System.AppDomainUnloadedException: Attempted to access an unloaded AppDomain. This can happen if the test(s) started a thread but did not stop it. Make sure that all the threads started by the test(s) are stopped before completion.</Text>
      </RunInfo>
      <RunInfo computerName="PRANAY-TEST" outcome="Warning" timestamp="2014-08-08T11:42:33.2548691-07:00">
        <Text>System.AppDomainUnloadedException: Attempted to access an unloaded AppDomain. This can happen if the test(s) started a thread but did not stop it. Make sure that all the threads started by the test(s) are stopped before completion.</Text>
      </RunInfo>
      <RunInfo computerName="PRANAY-TEST" outcome="Warning" timestamp="2014-08-08T11:42:33.2558691-07:00">
        <Text>System.AppDomainUnloadedException: Attempted to access an unloaded AppDomain. This can happen if the test(s) started a thread but did not stop it. Make sure that all the threads started by the test(s) are stopped before completion.</Text>
      </RunInfo>
      <RunInfo computerName="PRANAY-TEST" outcome="Warning" timestamp="2014-08-08T11:42:33.2568691-07:00">
        <Text>System.AppDomainUnloadedException: Attempted to access an unloaded AppDomain. This can happen if the test(s) started a thread but did not stop it. Make sure that all the threads started by the test(s) are stopped before completion.</Text>
      </RunInfo>
      <RunInfo computerName="PRANAY-TEST" outcome="Warning" timestamp="2014-08-08T11:42:33.2568691-07:00">
        <Text>System.AppDomainUnloadedException: Attempted to access an unloaded AppDomain. This can happen if the test(s) started a thread but did not stop it. Make sure that all the threads started by the test(s) are stopped before completion.</Text>
      </RunInfo>
      <RunInfo computerName="PRANAY-TEST" outcome="Warning" timestamp="2014-08-08T11:42:33.2578691-07:00">
        <Text>System.AppDomainUnloadedException: Attempted to access an unloaded AppDomain. This can happen if the test(s) started a thread but did not stop it. Make sure that all the threads started by the test(s) are stopped before completion.</Text>
      </RunInfo>
      <RunInfo computerName="PRANAY-TEST" outcome="Warning" timestamp="2014-08-08T11:42:33.2578691-07:00">
        <Text>System.AppDomainUnloadedException: Attempted to access an unloaded AppDomain. This can happen if the test(s) started a thread but did not stop it. Make sure that all the threads started by the test(s) are stopped before completion.</Text>
      </RunInfo>
      <RunInfo computerName="PRANAY-TEST" outcome="Warning" timestamp="2014-08-08T11:42:33.2588691-07:00">
        <Text>System.AppDomainUnloadedException: Attempted to access an unloaded AppDomain. This can happen if the test(s) started a thread but did not stop it. Make sure that all the threads started by the test(s) are stopped before completion.</Text>
      </RunInfo>
      <RunInfo computerName="PRANAY-TEST" outcome="Warning" timestamp="2014-08-08T11:42:33.2598691-07:00">
        <Text>System.AppDomainUnloadedException: Attempted to access an unloaded AppDomain. This can happen if the test(s) started a thread but did not stop it. Make sure that all the threads started by the test(s) are stopped before completion.</Text>
      </RunInfo>
      <RunInfo computerName="PRANAY-TEST" outcome="Warning" timestamp="2014-08-08T11:42:33.2648691-07:00">
        <Text>System.AppDomainUnloadedException: Attempted to access an unloaded AppDomain. This can happen if the test(s) started a thread but did not stop it. Make sure that all the threads started by the test(s) are stopped before completion.</Text>
      </RunInfo>
      <RunInfo computerName="PRANAY-TEST" outcome="Warning" timestamp="2014-08-08T11:42:33.2668691-07:00">
        <Text>System.AppDomainUnloadedException: Attempted to access an unloaded AppDomain. This can happen if the test(s) started a thread but did not stop it. Make sure that all the threads started by the test(s) are stopped before completion.</Text>
      </RunInfo>
      <RunInfo computerName="PRANAY-TEST" outcome="Warning" timestamp="2014-08-08T11:42:33.2688691-07:00">
        <Text>System.AppDomainUnloadedException: Attempted to access an unloaded AppDomain. This can happen if the test(s) started a thread but did not stop it. Make sure that all the threads started by the test(s) are stopped before completion.</Text>
      </RunInfo>
      <RunInfo computerName="PRANAY-TEST" outcome="Warning" timestamp="2014-08-08T11:42:33.2698691-07:00">
        <Text>System.AppDomainUnloadedException: Attempted to access an unloaded AppDomain. This can happen if the test(s) started a thread but did not stop it. Make sure that all the threads started by the test(s) are stopped before completion.</Text>
      </RunInfo>
      <RunInfo computerName="PRANAY-TEST" outcome="Warning" timestamp="2014-08-08T11:42:33.2698691-07:00">
        <Text>System.AppDomainUnloadedException: Attempted to access an unloaded AppDomain. This can happen if the test(s) started a thread but did not stop it. Make sure that all the threads started by the test(s) are stopped before completion.</Text>
      </RunInfo>
      <RunInfo computerName="PRANAY-TEST" outcome="Warning" timestamp="2014-08-08T11:42:33.2708691-07:00">
        <Text>System.AppDomainUnloadedException: Attempted to access an unloaded AppDomain. This can happen if the test(s) started a thread but did not stop it. Make sure that all the threads started by the test(s) are stopped before completion.</Text>
      </RunInfo>
      <RunInfo computerName="PRANAY-TEST" outcome="Warning" timestamp="2014-08-08T11:42:33.2718691-07:00">
        <Text>System.AppDomainUnloadedException: Attempted to access an unloaded AppDomain. This can happen if the test(s) started a thread but did not stop it. Make sure that all the threads started by the test(s) are stopped before completion.</Text>
      </RunInfo>
      <RunInfo computerName="PRANAY-TEST" outcome="Warning" timestamp="2014-08-08T11:42:33.2728691-07:00">
        <Text>System.AppDomainUnloadedException: Attempted to access an unloaded AppDomain. This can happen if the test(s) started a thread but did not stop it. Make sure that all the threads started by the test(s) are stopped before completion.</Text>
      </RunInfo>
      <RunInfo computerName="PRANAY-TEST" outcome="Warning" timestamp="2014-08-08T11:42:33.2758691-07:00">
        <Text>System.AppDomainUnloadedException: Attempted to access an unloaded AppDomain. This can happen if the test(s) started a thread but did not stop it. Make sure that all the threads started by the test(s) are stopped before completion.</Text>
      </RunInfo>
      <RunInfo computerName="PRANAY-TEST" outcome="Warning" timestamp="2014-08-08T11:42:33.2778691-07:00">
        <Text>System.AppDomainUnloadedException: Attempted to access an unloaded AppDomain. This can happen if the test(s) started a thread but did not stop it. Make sure that all the threads started by the test(s) are stopped before completion.</Text>
      </RunInfo>
      <RunInfo computerName="PRANAY-TEST" outcome="Warning" timestamp="2014-08-08T11:42:33.2788691-07:00">
        <Text>System.AppDomainUnloadedException: Attempted to access an unloaded AppDomain. This can happen if the test(s) started a thread but did not stop it. Make sure that all the threads started by the test(s) are stopped before completion.</Text>
      </RunInfo>
      <RunInfo computerName="PRANAY-TEST" outcome="Warning" timestamp="2014-08-08T11:42:33.2798691-07:00">
        <Text>System.AppDomainUnloadedException: Attempted to access an unloaded AppDomain. This can happen if the test(s) started a thread but did not stop it. Make sure that all the threads started by the test(s) are stopped before completion.</Text>
      </RunInfo>
      <RunInfo computerName="PRANAY-TEST" outcome="Warning" timestamp="2014-08-08T11:42:33.2798691-07:00">
        <Text>System.AppDomainUnloadedException: Attempted to access an unloaded AppDomain. This can happen if the test(s) started a thread but did not stop it. Make sure that all the threads started by the test(s) are stopped before completion.</Text>
      </RunInfo>
      <RunInfo computerName="PRANAY-TEST" outcome="Warning" timestamp="2014-08-08T11:42:33.2818691-07:00">
        <Text>System.AppDomainUnloadedException: Attempted to access an unloaded AppDomain. This can happen if the test(s) started a thread but did not stop it. Make sure that all the threads started by the test(s) are stopped before completion.</Text>
      </RunInfo>
      <RunInfo computerName="PRANAY-TEST" outcome="Warning" timestamp="2014-08-08T11:42:33.2818691-07:00">
        <Text>System.AppDomainUnloadedException: Attempted to access an unloaded AppDomain. This can happen if the test(s) started a thread but did not stop it. Make sure that all the threads started by the test(s) are stopped before completion.</Text>
      </RunInfo>
    </RunInfos>
  </ResultSummary>
</TestRun>