<?xml version="1.0" encoding="UTF-8"?>
<TestRun id="f9ebdb87-fd56-4f47-9923-9308d3018765" name="pranayp@PRANAY-TEST 2014-08-08 11:38:38" runUser="REDMOND\pranayp" xmlns="http://microsoft.com/schemas/VisualStudio/TeamTest/2010">
  <Times creation="2014-08-08T11:38:38.3248691-07:00" queuing="2014-08-08T11:38:38.3248691-07:00" start="2014-08-08T11:38:38.3318691-07:00" finish="2014-08-08T11:38:44.5988691-07:00" />
  <TestSettings name="default" id="92ee3eba-1f7b-420b-aa6a-1b002cc66bc8">
    <Execution>
      <TestTypeSpecific />
    </Execution>
    <Deployment runDeploymentRoot="pranayp_PRANAY-TEST 2014-08-08 11_38_38" />
  </TestSettings>
  <Results>
    <UnitTestResult executionId="60f0c6ef-d240-4b8b-8c0c-efa0695e4542" testId="4238bff1-0553-0361-e7b1-593798ef598d" testName="TestMatchProfile" computerName="PRANAY-TEST" duration="00:00:53.4458629" startTime="2014-08-08T11:37:44.5958691-07:00" endTime="2014-08-08T11:38:38.1208691-07:00" testType="13cdc9d9-ddb5-4fa4-a97d-d965ccfc6d4b" outcome="Passed" testListId="8c84fa94-04c1-424b-9868-57a2d4851a1d" relativeResultsDirectory="60f0c6ef-d240-4b8b-8c0c-efa0695e4542" />
    <UnitTestResult executionId="70b59400-cfba-4cac-821f-52b9335afdff" testId="975d9ec3-8d37-f50b-6de5-3a6a8dcbea98" testName="TestUpdate" computerName="PRANAY-TEST" duration="00:00:03.1336334" startTime="2014-08-08T11:38:38.1558691-07:00" endTime="2014-08-08T11:38:41.2898691-07:00" testType="13cdc9d9-ddb5-4fa4-a97d-d965ccfc6d4b" outcome="Passed" testListId="8c84fa94-04c1-424b-9868-57a2d4851a1d" relativeResultsDirectory="70b59400-cfba-4cac-821f-52b9335afdff" />
  </Results>
  <TestDefinitions>
    <UnitTest name="TestMatchProfile" storage="f:\src\adiam_cloud_nightly_tester\bins\debug\amd64\syncfabric\tests\testschedulerwithcloudstorage\microsoft.activedirectory.connector.test.testschedulerwithcloudstorage.dll" id="4238bff1-0553-0361-e7b1-593798ef598d">
      <Execution id="60f0c6ef-d240-4b8b-8c0c-efa0695e4542" />
      <TestMethod codeBase="f:\src\Adiam_Cloud_Nightly_Tester\bins\debug\amd64\SyncFabric\Tests\TestSchedulerWithCloudStorage\Microsoft.ActiveDirectory.Connector.Test.TestSchedulerWithCloudStorage.dll" adapterTypeName="Microsoft.VisualStudio.TestTools.TestTypes.Unit.UnitTestAdapter" className="Microsoft.ActiveDirectory.Connector.Test.SchedulerUnitTestWithCloudStorage" name="TestMatchProfile" />
    </UnitTest>
    <UnitTest name="TestUpdate" storage="f:\src\adiam_cloud_nightly_tester\bins\debug\amd64\syncfabric\tests\testschedulerwithcloudstorage\microsoft.activedirectory.connector.test.testschedulerwithcloudstorage.dll" id="975d9ec3-8d37-f50b-6de5-3a6a8dcbea98">
      <Execution id="70b59400-cfba-4cac-821f-52b9335afdff" />
      <TestMethod codeBase="f:\src\Adiam_Cloud_Nightly_Tester\bins\debug\amd64\SyncFabric\Tests\TestSchedulerWithCloudStorage\Microsoft.ActiveDirectory.Connector.Test.TestSchedulerWithCloudStorage.dll" adapterTypeName="Microsoft.VisualStudio.TestTools.TestTypes.Unit.UnitTestAdapter" className="Microsoft.ActiveDirectory.Connector.Test.SchedulerUnitTestWithCloudStorage" name="TestUpdate" />
    </UnitTest>
  </TestDefinitions>
  <TestEntries>
    <TestEntry testId="4238bff1-0553-0361-e7b1-593798ef598d" executionId="60f0c6ef-d240-4b8b-8c0c-efa0695e4542" testListId="8c84fa94-04c1-424b-9868-57a2d4851a1d" />
    <TestEntry testId="975d9ec3-8d37-f50b-6de5-3a6a8dcbea98" executionId="70b59400-cfba-4cac-821f-52b9335afdff" testListId="8c84fa94-04c1-424b-9868-57a2d4851a1d" />
  </TestEntries>
  <TestLists>
    <TestList name="Results Not in a List" id="8c84fa94-04c1-424b-9868-57a2d4851a1d" />
    <TestList name="All Loaded Results" id="19431567-8539-422a-85d7-44ee4e166bda" />
  </TestLists>
  <ResultSummary outcome="Completed">
    <Counters total="2" executed="2" passed="2" failed="0" error="0" timeout="0" aborted="0" inconclusive="0" passedButRunAborted="0" notRunnable="0" notExecuted="0" disconnected="0" warning="0" completed="0" inProgress="0" pending="0" />
  </ResultSummary>
</TestRun>