<?xml version="1.0" encoding="UTF-8"?>
<TestRun id="522bbd05-1531-41bf-ae8e-7813d174ebb7" name="pranayp@PRANAY-TEST 2014-08-08 11:39:19" runUser="REDMOND\pranayp" xmlns="http://microsoft.com/schemas/VisualStudio/TeamTest/2010">
  <Times creation="2014-08-08T11:39:19.1448691-07:00" queuing="2014-08-08T11:39:19.1468691-07:00" start="2014-08-08T11:39:19.1538691-07:00" finish="2014-08-08T11:44:24.5368691-07:00" />
  <TestSettings name="default" id="9af9558c-a040-484d-89f1-45b4a45cc6fd">
    <Execution>
      <TestTypeSpecific />
    </Execution>
    <Deployment runDeploymentRoot="pranayp_PRANAY-TEST 2014-08-08 11_39_19" />
  </TestSettings>
  <Results>
    <UnitTestResult executionId="56b2f8ea-e335-4c8b-b5fd-2b1b75fbeec0" testId="08aa170e-0bee-a361-019e-13500eb07110" testName="TestAddItem" computerName="PRANAY-TEST" duration="00:00:26.8761498" startTime="2014-08-08T11:38:50.8988691-07:00" endTime="2014-08-08T11:39:18.8768691-07:00" testType="13cdc9d9-ddb5-4fa4-a97d-d965ccfc6d4b" outcome="Passed" testListId="8c84fa94-04c1-424b-9868-57a2d4851a1d" relativeResultsDirectory="56b2f8ea-e335-4c8b-b5fd-2b1b75fbeec0" />
    <UnitTestResult executionId="7ca49aef-3d7f-4039-9eac-251728e26f23" testId="ccadfd66-3ee1-d438-b2ea-21700ccd8b26" testName="TestAddLargeItem" computerName="PRANAY-TEST" duration="00:01:58.5024523" startTime="2014-08-08T11:39:19.1408691-07:00" endTime="2014-08-08T11:41:17.6378691-07:00" testType="13cdc9d9-ddb5-4fa4-a97d-d965ccfc6d4b" outcome="Passed" testListId="8c84fa94-04c1-424b-9868-57a2d4851a1d" relativeResultsDirectory="7ca49aef-3d7f-4039-9eac-251728e26f23" />
    <UnitTestResult executionId="e7d8f8e3-d7ad-4c6a-ad70-3bfe9e43a441" testId="9ba0fbbf-c124-d662-a95a-dee8f4ba6300" testName="TestMarkOrphanedLock" computerName="PRANAY-TEST" duration="00:00:25.2254394" startTime="2014-08-08T11:41:17.7298691-07:00" endTime="2014-08-08T11:41:42.9558691-07:00" testType="13cdc9d9-ddb5-4fa4-a97d-d965ccfc6d4b" outcome="Passed" testListId="8c84fa94-04c1-424b-9868-57a2d4851a1d" relativeResultsDirectory="e7d8f8e3-d7ad-4c6a-ad70-3bfe9e43a441" />
    <UnitTestResult executionId="136779f6-e3da-4a8c-aece-81b8facd57cf" testId="6ca3544a-a6ce-7a38-9682-0976b4a9a1e2" testName="TestDeleteItem" computerName="PRANAY-TEST" duration="00:00:05.4465589" startTime="2014-08-08T11:41:42.9678691-07:00" endTime="2014-08-08T11:41:48.4158691-07:00" testType="13cdc9d9-ddb5-4fa4-a97d-d965ccfc6d4b" outcome="Passed" testListId="8c84fa94-04c1-424b-9868-57a2d4851a1d" relativeResultsDirectory="136779f6-e3da-4a8c-aece-81b8facd57cf" />
    <UnitTestResult executionId="a0cab301-e2a7-40f3-8f97-256c5210f55f" testId="bb42a532-02f6-6960-3e9d-33ca3c5d5e25" testName="TestDeleteItemWithoutLock" computerName="PRANAY-TEST" duration="00:00:05.1349581" startTime="2014-08-08T11:41:48.4508691-07:00" endTime="2014-08-08T11:41:53.5868691-07:00" testType="13cdc9d9-ddb5-4fa4-a97d-d965ccfc6d4b" outcome="Passed" testListId="8c84fa94-04c1-424b-9868-57a2d4851a1d" relativeResultsDirectory="a0cab301-e2a7-40f3-8f97-256c5210f55f" />
    <UnitTestResult executionId="3b0c1076-db4d-4b3d-809b-f9ae687e871a" testId="42e593fa-bee0-ceda-9985-3dbb8128f42f" testName="TestFindIdentifiers" computerName="PRANAY-TEST" duration="00:00:07.1423092" startTime="2014-08-08T11:41:53.5968691-07:00" endTime="2014-08-08T11:42:00.7398691-07:00" testType="13cdc9d9-ddb5-4fa4-a97d-d965ccfc6d4b" outcome="Passed" testListId="8c84fa94-04c1-424b-9868-57a2d4851a1d" relativeResultsDirectory="3b0c1076-db4d-4b3d-809b-f9ae687e871a" />
    <UnitTestResult executionId="9761f86b-923f-4ee2-92f9-23f7a971c764" testId="13dc9935-d5b7-22f0-6343-a9f468aa7522" testName="TestFindItems" computerName="PRANAY-TEST" duration="00:00:11.2228052" startTime="2014-08-08T11:42:00.7488691-07:00" endTime="2014-08-08T11:42:11.9718691-07:00" testType="13cdc9d9-ddb5-4fa4-a97d-d965ccfc6d4b" outcome="Passed" testListId="8c84fa94-04c1-424b-9868-57a2d4851a1d" relativeResultsDirectory="9761f86b-923f-4ee2-92f9-23f7a971c764" />
    <UnitTestResult executionId="bbb21b43-3217-4412-a8ee-381b68f642ec" testId="9847e6d4-2db7-a109-bce5-1e8c418ddc15" testName="TestFlush" computerName="PRANAY-TEST" duration="00:00:04.0962341" startTime="2014-08-08T11:42:11.9988691-07:00" endTime="2014-08-08T11:42:16.0968691-07:00" testType="13cdc9d9-ddb5-4fa4-a97d-d965ccfc6d4b" outcome="Passed" testListId="8c84fa94-04c1-424b-9868-57a2d4851a1d" relativeResultsDirectory="bbb21b43-3217-4412-a8ee-381b68f642ec" />
    <UnitTestResult executionId="cefcfa90-09c1-4c17-aba8-a95690a6bf39" testId="a32c43cc-145c-f7f1-6bff-63a3c42e7cde" testName="TestGetItem" computerName="PRANAY-TEST" duration="00:00:05.1325313" startTime="2014-08-08T11:42:16.1078691-07:00" endTime="2014-08-08T11:42:21.2408691-07:00" testType="13cdc9d9-ddb5-4fa4-a97d-d965ccfc6d4b" outcome="Passed" testListId="8c84fa94-04c1-424b-9868-57a2d4851a1d" relativeResultsDirectory="cefcfa90-09c1-4c17-aba8-a95690a6bf39" />
    <UnitTestResult executionId="9a12e60f-def6-459d-9528-35b23d8a2acf" testId="de042ee0-23c0-6f92-d11d-37c0aaca3f59" testName="TestPerformanceCounters" computerName="PRANAY-TEST" duration="00:00:08.8867014" startTime="2014-08-08T11:42:21.2498691-07:00" endTime="2014-08-08T11:42:30.1378691-07:00" testType="13cdc9d9-ddb5-4fa4-a97d-d965ccfc6d4b" outcome="Passed" testListId="8c84fa94-04c1-424b-9868-57a2d4851a1d" relativeResultsDirectory="9a12e60f-def6-459d-9528-35b23d8a2acf" />
    <UnitTestResult executionId="73a4176e-cbc0-4c25-8227-58a1a05c401d" testId="9e3ab945-d402-92fa-a432-1b6ca96a32ba" testName="TestTryGetItem" computerName="PRANAY-TEST" duration="00:00:04.0669324" startTime="2014-08-08T11:42:30.1518691-07:00" endTime="2014-08-08T11:42:34.2198691-07:00" testType="13cdc9d9-ddb5-4fa4-a97d-d965ccfc6d4b" outcome="Passed" testListId="8c84fa94-04c1-424b-9868-57a2d4851a1d" relativeResultsDirectory="73a4176e-cbc0-4c25-8227-58a1a05c401d" />
    <UnitTestResult executionId="12a13950-4554-4884-b034-036442d7d14a" testId="17de6989-410c-6dd6-7db7-65c3fc4b5a81" testName="TestTryLock" computerName="PRANAY-TEST" duration="00:00:04.2962676" startTime="2014-08-08T11:42:34.2438691-07:00" endTime="2014-08-08T11:42:38.5398691-07:00" testType="13cdc9d9-ddb5-4fa4-a97d-d965ccfc6d4b" outcome="Passed" testListId="8c84fa94-04c1-424b-9868-57a2d4851a1d" relativeResultsDirectory="12a13950-4554-4884-b034-036442d7d14a" />
    <UnitTestResult executionId="3917fc11-9b44-4093-b746-ab2fb02df4eb" testId="ddb95f2d-1de0-700b-f225-31f08dbcab15" testName="TestUnlock" computerName="PRANAY-TEST" duration="00:00:03.7260001" startTime="2014-08-08T11:42:38.5458691-07:00" endTime="2014-08-08T11:42:42.2718691-07:00" testType="13cdc9d9-ddb5-4fa4-a97d-d965ccfc6d4b" outcome="Passed" testListId="8c84fa94-04c1-424b-9868-57a2d4851a1d" relativeResultsDirectory="3917fc11-9b44-4093-b746-ab2fb02df4eb" />
    <UnitTestResult executionId="f0d395bf-b07f-4804-abbd-c882dc61c8fe" testId="d6158266-3e43-d3e5-1d59-8422d38c36e6" testName="TestUnlockWithoutLock" computerName="PRANAY-TEST" duration="00:00:05.0172837" startTime="2014-08-08T11:42:42.2778691-07:00" endTime="2014-08-08T11:42:47.2958691-07:00" testType="13cdc9d9-ddb5-4fa4-a97d-d965ccfc6d4b" outcome="Passed" testListId="8c84fa94-04c1-424b-9868-57a2d4851a1d" relativeResultsDirectory="f0d395bf-b07f-4804-abbd-c882dc61c8fe" />
    <UnitTestResult executionId="f70d4818-2bf4-40eb-9f4a-cebff64c466f" testId="32de17be-d913-ce74-c42c-3cb590dbca7e" testName="TestUpdateItem" computerName="PRANAY-TEST" duration="00:00:03.7829668" startTime="2014-08-08T11:42:47.2998691-07:00" endTime="2014-08-08T11:42:51.0838691-07:00" testType="13cdc9d9-ddb5-4fa4-a97d-d965ccfc6d4b" outcome="Passed" testListId="8c84fa94-04c1-424b-9868-57a2d4851a1d" relativeResultsDirectory="f70d4818-2bf4-40eb-9f4a-cebff64c466f" />
    <UnitTestResult executionId="12c42a06-2549-40b9-a72e-a1470c6d14bd" testId="c7015e05-590e-68dc-ce51-1a7d11423764" testName="TestUpdateItemWithoutLock" computerName="PRANAY-TEST" duration="00:00:00.5898036" startTime="2014-08-08T11:42:51.0898691-07:00" endTime="2014-08-08T11:42:51.6808691-07:00" testType="13cdc9d9-ddb5-4fa4-a97d-d965ccfc6d4b" outcome="Passed" testListId="8c84fa94-04c1-424b-9868-57a2d4851a1d" relativeResultsDirectory="12c42a06-2549-40b9-a72e-a1470c6d14bd" />
    <UnitTestResult executionId="53f637e8-ea38-48bf-aca4-de0b0e4b448f" testId="01a917da-af8e-dc89-f982-a61468f720b1" testName="TestScheduleEntityStorage" computerName="PRANAY-TEST" duration="00:00:25.4479975" startTime="2014-08-08T11:42:51.6838691-07:00" endTime="2014-08-08T11:43:17.1318691-07:00" testType="13cdc9d9-ddb5-4fa4-a97d-d965ccfc6d4b" outcome="Passed" testListId="8c84fa94-04c1-424b-9868-57a2d4851a1d" relativeResultsDirectory="53f637e8-ea38-48bf-aca4-de0b0e4b448f" />
    <UnitTestResult executionId="37343417-9d2f-4d22-bae0-d154f2055e06" testId="5c820662-de25-fc43-3251-36d49fbdee72" testName="TestCount" computerName="PRANAY-TEST" duration="00:00:05.3436854" startTime="2014-08-08T11:43:17.1418691-07:00" endTime="2014-08-08T11:43:22.4868691-07:00" testType="13cdc9d9-ddb5-4fa4-a97d-d965ccfc6d4b" outcome="Passed" testListId="8c84fa94-04c1-424b-9868-57a2d4851a1d" relativeResultsDirectory="37343417-9d2f-4d22-bae0-d154f2055e06" />
    <UnitTestResult executionId="37381f7e-9153-446d-a4e4-529349e73494" testId="ee526b05-e2fe-32c8-3ad7-c0e47221152d" testName="TestDelete" computerName="PRANAY-TEST" duration="00:00:28.0144797" startTime="2014-08-08T11:43:22.4918691-07:00" endTime="2014-08-08T11:43:50.5048691-07:00" testType="13cdc9d9-ddb5-4fa4-a97d-d965ccfc6d4b" outcome="Passed" testListId="8c84fa94-04c1-424b-9868-57a2d4851a1d" relativeResultsDirectory="37381f7e-9153-446d-a4e4-529349e73494" />
    <UnitTestResult executionId="835ea2dd-ca16-4aab-ba8d-81039cb1333b" testId="4c2c0507-a64d-6e6b-477a-dd7127457d77" testName="TestFlush" computerName="PRANAY-TEST" duration="00:00:05.5977988" startTime="2014-08-08T11:43:50.5118691-07:00" endTime="2014-08-08T11:43:56.1108691-07:00" testType="13cdc9d9-ddb5-4fa4-a97d-d965ccfc6d4b" outcome="Passed" testListId="8c84fa94-04c1-424b-9868-57a2d4851a1d" relativeResultsDirectory="835ea2dd-ca16-4aab-ba8d-81039cb1333b" />
    <UnitTestResult executionId="16b30f42-f408-43be-869c-a5006d6e80a1" testId="a6c2fdc2-d572-12fe-8838-aab9ffca8763" testName="TestRetrievalComposite" computerName="PRANAY-TEST" duration="00:00:03.4959535" startTime="2014-08-08T11:43:56.1168691-07:00" endTime="2014-08-08T11:43:59.6138691-07:00" testType="13cdc9d9-ddb5-4fa4-a97d-d965ccfc6d4b" outcome="Passed" testListId="8c84fa94-04c1-424b-9868-57a2d4851a1d" relativeResultsDirectory="16b30f42-f408-43be-869c-a5006d6e80a1" />
    <UnitTestResult executionId="85284657-c863-46d8-9956-a8614ee48900" testId="ba0a03ee-a3eb-fe91-f758-f9740c4c55a4" testName="TestRetrievalRange" computerName="PRANAY-TEST" duration="00:00:08.9549054" startTime="2014-08-08T11:43:59.6188691-07:00" endTime="2014-08-08T11:44:08.5738691-07:00" testType="13cdc9d9-ddb5-4fa4-a97d-d965ccfc6d4b" outcome="Passed" testListId="8c84fa94-04c1-424b-9868-57a2d4851a1d" relativeResultsDirectory="85284657-c863-46d8-9956-a8614ee48900" />
    <UnitTestResult executionId="ebbc6ec3-3ee1-462a-8b2f-b03be52be5c8" testId="2d09a5cd-c144-8fc3-8593-814aa73f247a" testName="TestRetrievalRangeWithDuplicates" computerName="PRANAY-TEST" duration="00:00:12.7353523" startTime="2014-08-08T11:44:08.5788691-07:00" endTime="2014-08-08T11:44:21.3148691-07:00" testType="13cdc9d9-ddb5-4fa4-a97d-d965ccfc6d4b" outcome="Passed" testListId="8c84fa94-04c1-424b-9868-57a2d4851a1d" relativeResultsDirectory="ebbc6ec3-3ee1-462a-8b2f-b03be52be5c8" />
    <UnitTestResult executionId="e2e55f3b-2009-4216-914a-197e3536ee6d" testId="d49eee95-53c2-4ffe-f896-eb37332737cf" testName="TestUpload" computerName="PRANAY-TEST" duration="00:00:02.0136047" startTime="2014-08-08T11:44:21.3278691-07:00" endTime="2014-08-08T11:44:23.3418691-07:00" testType="13cdc9d9-ddb5-4fa4-a97d-d965ccfc6d4b" outcome="Passed" testListId="8c84fa94-04c1-424b-9868-57a2d4851a1d" relativeResultsDirectory="e2e55f3b-2009-4216-914a-197e3536ee6d" />
  </Results>
  <TestDefinitions>
    <UnitTest name="TestAddItem" storage="f:\src\adiam_cloud_nightly_tester\bins\debug\amd64\syncfabric\tests\teststorage\microsoft.activedirectory.connector.test.teststorage.dll" id="08aa170e-0bee-a361-019e-13500eb07110">
      <Execution id="56b2f8ea-e335-4c8b-b5fd-2b1b75fbeec0" />
      <TestMethod codeBase="f:\src\Adiam_Cloud_Nightly_Tester\bins\debug\amd64\SyncFabric\Tests\TestStorage\Microsoft.ActiveDirectory.Connector.Test.TestStorage.dll" adapterTypeName="Microsoft.VisualStudio.TestTools.TestTypes.Unit.UnitTestAdapter" className="Microsoft.ActiveDirectory.Connector.Test.CloudKeyValueStringStoreUnitTest" name="TestAddItem" />
    </UnitTest>
    <UnitTest name="TestAddLargeItem" storage="f:\src\adiam_cloud_nightly_tester\bins\debug\amd64\syncfabric\tests\teststorage\microsoft.activedirectory.connector.test.teststorage.dll" id="ccadfd66-3ee1-d438-b2ea-21700ccd8b26">
      <Execution id="7ca49aef-3d7f-4039-9eac-251728e26f23" />
      <TestMethod codeBase="f:\src\Adiam_Cloud_Nightly_Tester\bins\debug\amd64\SyncFabric\Tests\TestStorage\Microsoft.ActiveDirectory.Connector.Test.TestStorage.dll" adapterTypeName="Microsoft.VisualStudio.TestTools.TestTypes.Unit.UnitTestAdapter" className="Microsoft.ActiveDirectory.Connector.Test.CloudKeyValueStringStoreUnitTest" name="TestAddLargeItem" />
    </UnitTest>
    <UnitTest name="TestMarkOrphanedLock" storage="f:\src\adiam_cloud_nightly_tester\bins\debug\amd64\syncfabric\tests\teststorage\microsoft.activedirectory.connector.test.teststorage.dll" id="9ba0fbbf-c124-d662-a95a-dee8f4ba6300">
      <Execution id="e7d8f8e3-d7ad-4c6a-ad70-3bfe9e43a441" />
      <TestMethod codeBase="f:\src\Adiam_Cloud_Nightly_Tester\bins\debug\amd64\SyncFabric\Tests\TestStorage\Microsoft.ActiveDirectory.Connector.Test.TestStorage.dll" adapterTypeName="Microsoft.VisualStudio.TestTools.TestTypes.Unit.UnitTestAdapter" className="Microsoft.ActiveDirectory.Connector.Test.CloudKeyValueStringStoreUnitTest" name="TestMarkOrphanedLock" />
    </UnitTest>
    <UnitTest name="TestDeleteItem" storage="f:\src\adiam_cloud_nightly_tester\bins\debug\amd64\syncfabric\tests\teststorage\microsoft.activedirectory.connector.test.teststorage.dll" id="6ca3544a-a6ce-7a38-9682-0976b4a9a1e2">
      <Execution id="136779f6-e3da-4a8c-aece-81b8facd57cf" />
      <TestMethod codeBase="f:\src\Adiam_Cloud_Nightly_Tester\bins\debug\amd64\SyncFabric\Tests\TestStorage\Microsoft.ActiveDirectory.Connector.Test.TestStorage.dll" adapterTypeName="Microsoft.VisualStudio.TestTools.TestTypes.Unit.UnitTestAdapter" className="Microsoft.ActiveDirectory.Connector.Test.CloudKeyValueStringStoreUnitTest" name="TestDeleteItem" />
    </UnitTest>
    <UnitTest name="TestDeleteItemWithoutLock" storage="f:\src\adiam_cloud_nightly_tester\bins\debug\amd64\syncfabric\tests\teststorage\microsoft.activedirectory.connector.test.teststorage.dll" id="bb42a532-02f6-6960-3e9d-33ca3c5d5e25">
      <Execution id="a0cab301-e2a7-40f3-8f97-256c5210f55f" />
      <TestMethod codeBase="f:\src\Adiam_Cloud_Nightly_Tester\bins\debug\amd64\SyncFabric\Tests\TestStorage\Microsoft.ActiveDirectory.Connector.Test.TestStorage.dll" adapterTypeName="Microsoft.VisualStudio.TestTools.TestTypes.Unit.UnitTestAdapter" className="Microsoft.ActiveDirectory.Connector.Test.CloudKeyValueStringStoreUnitTest" name="TestDeleteItemWithoutLock" />
    </UnitTest>
    <UnitTest name="TestFindIdentifiers" storage="f:\src\adiam_cloud_nightly_tester\bins\debug\amd64\syncfabric\tests\teststorage\microsoft.activedirectory.connector.test.teststorage.dll" id="42e593fa-bee0-ceda-9985-3dbb8128f42f">
      <Execution id="3b0c1076-db4d-4b3d-809b-f9ae687e871a" />
      <TestMethod codeBase="f:\src\Adiam_Cloud_Nightly_Tester\bins\debug\amd64\SyncFabric\Tests\TestStorage\Microsoft.ActiveDirectory.Connector.Test.TestStorage.dll" adapterTypeName="Microsoft.VisualStudio.TestTools.TestTypes.Unit.UnitTestAdapter" className="Microsoft.ActiveDirectory.Connector.Test.CloudKeyValueStringStoreUnitTest" name="TestFindIdentifiers" />
    </UnitTest>
    <UnitTest name="TestFindItems" storage="f:\src\adiam_cloud_nightly_tester\bins\debug\amd64\syncfabric\tests\teststorage\microsoft.activedirectory.connector.test.teststorage.dll" id="13dc9935-d5b7-22f0-6343-a9f468aa7522">
      <Execution id="9761f86b-923f-4ee2-92f9-23f7a971c764" />
      <TestMethod codeBase="f:\src\Adiam_Cloud_Nightly_Tester\bins\debug\amd64\SyncFabric\Tests\TestStorage\Microsoft.ActiveDirectory.Connector.Test.TestStorage.dll" adapterTypeName="Microsoft.VisualStudio.TestTools.TestTypes.Unit.UnitTestAdapter" className="Microsoft.ActiveDirectory.Connector.Test.CloudKeyValueStringStoreUnitTest" name="TestFindItems" />
    </UnitTest>
    <UnitTest name="TestFlush" storage="f:\src\adiam_cloud_nightly_tester\bins\debug\amd64\syncfabric\tests\teststorage\microsoft.activedirectory.connector.test.teststorage.dll" id="9847e6d4-2db7-a109-bce5-1e8c418ddc15">
      <Execution id="bbb21b43-3217-4412-a8ee-381b68f642ec" />
      <TestMethod codeBase="f:\src\Adiam_Cloud_Nightly_Tester\bins\debug\amd64\SyncFabric\Tests\TestStorage\Microsoft.ActiveDirectory.Connector.Test.TestStorage.dll" adapterTypeName="Microsoft.VisualStudio.TestTools.TestTypes.Unit.UnitTestAdapter" className="Microsoft.ActiveDirectory.Connector.Test.CloudKeyValueStringStoreUnitTest" name="TestFlush" />
    </UnitTest>
    <UnitTest name="TestGetItem" storage="f:\src\adiam_cloud_nightly_tester\bins\debug\amd64\syncfabric\tests\teststorage\microsoft.activedirectory.connector.test.teststorage.dll" id="a32c43cc-145c-f7f1-6bff-63a3c42e7cde">
      <Execution id="cefcfa90-09c1-4c17-aba8-a95690a6bf39" />
      <TestMethod codeBase="f:\src\Adiam_Cloud_Nightly_Tester\bins\debug\amd64\SyncFabric\Tests\TestStorage\Microsoft.ActiveDirectory.Connector.Test.TestStorage.dll" adapterTypeName="Microsoft.VisualStudio.TestTools.TestTypes.Unit.UnitTestAdapter" className="Microsoft.ActiveDirectory.Connector.Test.CloudKeyValueStringStoreUnitTest" name="TestGetItem" />
    </UnitTest>
    <UnitTest name="TestPerformanceCounters" storage="f:\src\adiam_cloud_nightly_tester\bins\debug\amd64\syncfabric\tests\teststorage\microsoft.activedirectory.connector.test.teststorage.dll" id="de042ee0-23c0-6f92-d11d-37c0aaca3f59">
      <Execution id="9a12e60f-def6-459d-9528-35b23d8a2acf" />
      <TestMethod codeBase="f:\src\Adiam_Cloud_Nightly_Tester\bins\debug\amd64\SyncFabric\Tests\TestStorage\Microsoft.ActiveDirectory.Connector.Test.TestStorage.dll" adapterTypeName="Microsoft.VisualStudio.TestTools.TestTypes.Unit.UnitTestAdapter" className="Microsoft.ActiveDirectory.Connector.Test.CloudKeyValueStringStoreUnitTest" name="TestPerformanceCounters" />
    </UnitTest>
    <UnitTest name="TestTryGetItem" storage="f:\src\adiam_cloud_nightly_tester\bins\debug\amd64\syncfabric\tests\teststorage\microsoft.activedirectory.connector.test.teststorage.dll" id="9e3ab945-d402-92fa-a432-1b6ca96a32ba">
      <Execution id="73a4176e-cbc0-4c25-8227-58a1a05c401d" />
      <TestMethod codeBase="f:\src\Adiam_Cloud_Nightly_Tester\bins\debug\amd64\SyncFabric\Tests\TestStorage\Microsoft.ActiveDirectory.Connector.Test.TestStorage.dll" adapterTypeName="Microsoft.VisualStudio.TestTools.TestTypes.Unit.UnitTestAdapter" className="Microsoft.ActiveDirectory.Connector.Test.CloudKeyValueStringStoreUnitTest" name="TestTryGetItem" />
    </UnitTest>
    <UnitTest name="TestTryLock" storage="f:\src\adiam_cloud_nightly_tester\bins\debug\amd64\syncfabric\tests\teststorage\microsoft.activedirectory.connector.test.teststorage.dll" id="17de6989-410c-6dd6-7db7-65c3fc4b5a81">
      <Execution id="12a13950-4554-4884-b034-036442d7d14a" />
      <TestMethod codeBase="f:\src\Adiam_Cloud_Nightly_Tester\bins\debug\amd64\SyncFabric\Tests\TestStorage\Microsoft.ActiveDirectory.Connector.Test.TestStorage.dll" adapterTypeName="Microsoft.VisualStudio.TestTools.TestTypes.Unit.UnitTestAdapter" className="Microsoft.ActiveDirectory.Connector.Test.CloudKeyValueStringStoreUnitTest" name="TestTryLock" />
    </UnitTest>
    <UnitTest name="TestUnlock" storage="f:\src\adiam_cloud_nightly_tester\bins\debug\amd64\syncfabric\tests\teststorage\microsoft.activedirectory.connector.test.teststorage.dll" id="ddb95f2d-1de0-700b-f225-31f08dbcab15">
      <Execution id="3917fc11-9b44-4093-b746-ab2fb02df4eb" />
      <TestMethod codeBase="f:\src\Adiam_Cloud_Nightly_Tester\bins\debug\amd64\SyncFabric\Tests\TestStorage\Microsoft.ActiveDirectory.Connector.Test.TestStorage.dll" adapterTypeName="Microsoft.VisualStudio.TestTools.TestTypes.Unit.UnitTestAdapter" className="Microsoft.ActiveDirectory.Connector.Test.CloudKeyValueStringStoreUnitTest" name="TestUnlock" />
    </UnitTest>
    <UnitTest name="TestUnlockWithoutLock" storage="f:\src\adiam_cloud_nightly_tester\bins\debug\amd64\syncfabric\tests\teststorage\microsoft.activedirectory.connector.test.teststorage.dll" id="d6158266-3e43-d3e5-1d59-8422d38c36e6">
      <Execution id="f0d395bf-b07f-4804-abbd-c882dc61c8fe" />
      <TestMethod codeBase="f:\src\Adiam_Cloud_Nightly_Tester\bins\debug\amd64\SyncFabric\Tests\TestStorage\Microsoft.ActiveDirectory.Connector.Test.TestStorage.dll" adapterTypeName="Microsoft.VisualStudio.TestTools.TestTypes.Unit.UnitTestAdapter" className="Microsoft.ActiveDirectory.Connector.Test.CloudKeyValueStringStoreUnitTest" name="TestUnlockWithoutLock" />
    </UnitTest>
    <UnitTest name="TestUpdateItem" storage="f:\src\adiam_cloud_nightly_tester\bins\debug\amd64\syncfabric\tests\teststorage\microsoft.activedirectory.connector.test.teststorage.dll" id="32de17be-d913-ce74-c42c-3cb590dbca7e">
      <Execution id="f70d4818-2bf4-40eb-9f4a-cebff64c466f" />
      <TestMethod codeBase="f:\src\Adiam_Cloud_Nightly_Tester\bins\debug\amd64\SyncFabric\Tests\TestStorage\Microsoft.ActiveDirectory.Connector.Test.TestStorage.dll" adapterTypeName="Microsoft.VisualStudio.TestTools.TestTypes.Unit.UnitTestAdapter" className="Microsoft.ActiveDirectory.Connector.Test.CloudKeyValueStringStoreUnitTest" name="TestUpdateItem" />
    </UnitTest>
    <UnitTest name="TestUpdateItemWithoutLock" storage="f:\src\adiam_cloud_nightly_tester\bins\debug\amd64\syncfabric\tests\teststorage\microsoft.activedirectory.connector.test.teststorage.dll" id="c7015e05-590e-68dc-ce51-1a7d11423764">
      <Execution id="12c42a06-2549-40b9-a72e-a1470c6d14bd" />
      <TestMethod codeBase="f:\src\Adiam_Cloud_Nightly_Tester\bins\debug\amd64\SyncFabric\Tests\TestStorage\Microsoft.ActiveDirectory.Connector.Test.TestStorage.dll" adapterTypeName="Microsoft.VisualStudio.TestTools.TestTypes.Unit.UnitTestAdapter" className="Microsoft.ActiveDirectory.Connector.Test.CloudKeyValueStringStoreUnitTest" name="TestUpdateItemWithoutLock" />
    </UnitTest>
    <UnitTest name="TestScheduleEntityStorage" storage="f:\src\adiam_cloud_nightly_tester\bins\debug\amd64\syncfabric\tests\teststorage\microsoft.activedirectory.connector.test.teststorage.dll" id="01a917da-af8e-dc89-f982-a61468f720b1">
      <Execution id="53f637e8-ea38-48bf-aca4-de0b0e4b448f" />
      <TestMethod codeBase="f:\src\Adiam_Cloud_Nightly_Tester\bins\debug\amd64\SyncFabric\Tests\TestStorage\Microsoft.ActiveDirectory.Connector.Test.TestStorage.dll" adapterTypeName="Microsoft.VisualStudio.TestTools.TestTypes.Unit.UnitTestAdapter" className="Microsoft.ActiveDirectory.Connector.Test.ScheduleEntityStorageAdapterUnitTest" name="TestScheduleEntityStorage" />
    </UnitTest>
    <UnitTest name="TestCount" storage="f:\src\adiam_cloud_nightly_tester\bins\debug\amd64\syncfabric\tests\teststorage\microsoft.activedirectory.connector.test.teststorage.dll" id="5c820662-de25-fc43-3251-36d49fbdee72">
      <Execution id="37343417-9d2f-4d22-bae0-d154f2055e06" />
      <TestMethod codeBase="f:\src\Adiam_Cloud_Nightly_Tester\bins\debug\amd64\SyncFabric\Tests\TestStorage\Microsoft.ActiveDirectory.Connector.Test.TestStorage.dll" adapterTypeName="Microsoft.VisualStudio.TestTools.TestTypes.Unit.UnitTestAdapter" className="Microsoft.ActiveDirectory.Connector.Test.AzureEntityStorageAdapterUnitTest" name="TestCount" />
    </UnitTest>
    <UnitTest name="TestDelete" storage="f:\src\adiam_cloud_nightly_tester\bins\debug\amd64\syncfabric\tests\teststorage\microsoft.activedirectory.connector.test.teststorage.dll" id="ee526b05-e2fe-32c8-3ad7-c0e47221152d">
      <Execution id="37381f7e-9153-446d-a4e4-529349e73494" />
      <TestMethod codeBase="f:\src\Adiam_Cloud_Nightly_Tester\bins\debug\amd64\SyncFabric\Tests\TestStorage\Microsoft.ActiveDirectory.Connector.Test.TestStorage.dll" adapterTypeName="Microsoft.VisualStudio.TestTools.TestTypes.Unit.UnitTestAdapter" className="Microsoft.ActiveDirectory.Connector.Test.AzureEntityStorageAdapterUnitTest" name="TestDelete" />
    </UnitTest>
    <UnitTest name="TestFlush" storage="f:\src\adiam_cloud_nightly_tester\bins\debug\amd64\syncfabric\tests\teststorage\microsoft.activedirectory.connector.test.teststorage.dll" id="4c2c0507-a64d-6e6b-477a-dd7127457d77">
      <Execution id="835ea2dd-ca16-4aab-ba8d-81039cb1333b" />
      <TestMethod codeBase="f:\src\Adiam_Cloud_Nightly_Tester\bins\debug\amd64\SyncFabric\Tests\TestStorage\Microsoft.ActiveDirectory.Connector.Test.TestStorage.dll" adapterTypeName="Microsoft.VisualStudio.TestTools.TestTypes.Unit.UnitTestAdapter" className="Microsoft.ActiveDirectory.Connector.Test.AzureEntityStorageAdapterUnitTest" name="TestFlush" />
    </UnitTest>
    <UnitTest name="TestRetrievalComposite" storage="f:\src\adiam_cloud_nightly_tester\bins\debug\amd64\syncfabric\tests\teststorage\microsoft.activedirectory.connector.test.teststorage.dll" id="a6c2fdc2-d572-12fe-8838-aab9ffca8763">
      <Execution id="16b30f42-f408-43be-869c-a5006d6e80a1" />
      <TestMethod codeBase="f:\src\Adiam_Cloud_Nightly_Tester\bins\debug\amd64\SyncFabric\Tests\TestStorage\Microsoft.ActiveDirectory.Connector.Test.TestStorage.dll" adapterTypeName="Microsoft.VisualStudio.TestTools.TestTypes.Unit.UnitTestAdapter" className="Microsoft.ActiveDirectory.Connector.Test.AzureEntityStorageAdapterUnitTest" name="TestRetrievalComposite" />
    </UnitTest>
    <UnitTest name="TestRetrievalRange" storage="f:\src\adiam_cloud_nightly_tester\bins\debug\amd64\syncfabric\tests\teststorage\microsoft.activedirectory.connector.test.teststorage.dll" id="ba0a03ee-a3eb-fe91-f758-f9740c4c55a4">
      <Execution id="85284657-c863-46d8-9956-a8614ee48900" />
      <TestMethod codeBase="f:\src\Adiam_Cloud_Nightly_Tester\bins\debug\amd64\SyncFabric\Tests\TestStorage\Microsoft.ActiveDirectory.Connector.Test.TestStorage.dll" adapterTypeName="Microsoft.VisualStudio.TestTools.TestTypes.Unit.UnitTestAdapter" className="Microsoft.ActiveDirectory.Connector.Test.AzureEntityStorageAdapterUnitTest" name="TestRetrievalRange" />
    </UnitTest>
    <UnitTest name="TestRetrievalRangeWithDuplicates" storage="f:\src\adiam_cloud_nightly_tester\bins\debug\amd64\syncfabric\tests\teststorage\microsoft.activedirectory.connector.test.teststorage.dll" id="2d09a5cd-c144-8fc3-8593-814aa73f247a">
      <Execution id="ebbc6ec3-3ee1-462a-8b2f-b03be52be5c8" />
      <TestMethod codeBase="f:\src\Adiam_Cloud_Nightly_Tester\bins\debug\amd64\SyncFabric\Tests\TestStorage\Microsoft.ActiveDirectory.Connector.Test.TestStorage.dll" adapterTypeName="Microsoft.VisualStudio.TestTools.TestTypes.Unit.UnitTestAdapter" className="Microsoft.ActiveDirectory.Connector.Test.AzureEntityStorageAdapterUnitTest" name="TestRetrievalRangeWithDuplicates" />
    </UnitTest>
    <UnitTest name="TestUpload" storage="f:\src\adiam_cloud_nightly_tester\bins\debug\amd64\syncfabric\tests\teststorage\microsoft.activedirectory.connector.test.teststorage.dll" id="d49eee95-53c2-4ffe-f896-eb37332737cf">
      <Execution id="e2e55f3b-2009-4216-914a-197e3536ee6d" />
      <TestMethod codeBase="f:\src\Adiam_Cloud_Nightly_Tester\bins\debug\amd64\SyncFabric\Tests\TestStorage\Microsoft.ActiveDirectory.Connector.Test.TestStorage.dll" adapterTypeName="Microsoft.VisualStudio.TestTools.TestTypes.Unit.UnitTestAdapter" className="Microsoft.ActiveDirectory.Connector.Test.AzureEntityStorageAdapterUnitTest" name="TestUpload" />
    </UnitTest>
  </TestDefinitions>
  <TestEntries>
    <TestEntry testId="08aa170e-0bee-a361-019e-13500eb07110" executionId="56b2f8ea-e335-4c8b-b5fd-2b1b75fbeec0" testListId="8c84fa94-04c1-424b-9868-57a2d4851a1d" />
    <TestEntry testId="ccadfd66-3ee1-d438-b2ea-21700ccd8b26" executionId="7ca49aef-3d7f-4039-9eac-251728e26f23" testListId="8c84fa94-04c1-424b-9868-57a2d4851a1d" />
    <TestEntry testId="9ba0fbbf-c124-d662-a95a-dee8f4ba6300" executionId="e7d8f8e3-d7ad-4c6a-ad70-3bfe9e43a441" testListId="8c84fa94-04c1-424b-9868-57a2d4851a1d" />
    <TestEntry testId="6ca3544a-a6ce-7a38-9682-0976b4a9a1e2" executionId="136779f6-e3da-4a8c-aece-81b8facd57cf" testListId="8c84fa94-04c1-424b-9868-57a2d4851a1d" />
    <TestEntry testId="bb42a532-02f6-6960-3e9d-33ca3c5d5e25" executionId="a0cab301-e2a7-40f3-8f97-256c5210f55f" testListId="8c84fa94-04c1-424b-9868-57a2d4851a1d" />
    <TestEntry testId="42e593fa-bee0-ceda-9985-3dbb8128f42f" executionId="3b0c1076-db4d-4b3d-809b-f9ae687e871a" testListId="8c84fa94-04c1-424b-9868-57a2d4851a1d" />
    <TestEntry testId="13dc9935-d5b7-22f0-6343-a9f468aa7522" executionId="9761f86b-923f-4ee2-92f9-23f7a971c764" testListId="8c84fa94-04c1-424b-9868-57a2d4851a1d" />
    <TestEntry testId="9847e6d4-2db7-a109-bce5-1e8c418ddc15" executionId="bbb21b43-3217-4412-a8ee-381b68f642ec" testListId="8c84fa94-04c1-424b-9868-57a2d4851a1d" />
    <TestEntry testId="a32c43cc-145c-f7f1-6bff-63a3c42e7cde" executionId="cefcfa90-09c1-4c17-aba8-a95690a6bf39" testListId="8c84fa94-04c1-424b-9868-57a2d4851a1d" />
    <TestEntry testId="de042ee0-23c0-6f92-d11d-37c0aaca3f59" executionId="9a12e60f-def6-459d-9528-35b23d8a2acf" testListId="8c84fa94-04c1-424b-9868-57a2d4851a1d" />
    <TestEntry testId="9e3ab945-d402-92fa-a432-1b6ca96a32ba" executionId="73a4176e-cbc0-4c25-8227-58a1a05c401d" testListId="8c84fa94-04c1-424b-9868-57a2d4851a1d" />
    <TestEntry testId="17de6989-410c-6dd6-7db7-65c3fc4b5a81" executionId="12a13950-4554-4884-b034-036442d7d14a" testListId="8c84fa94-04c1-424b-9868-57a2d4851a1d" />
    <TestEntry testId="ddb95f2d-1de0-700b-f225-31f08dbcab15" executionId="3917fc11-9b44-4093-b746-ab2fb02df4eb" testListId="8c84fa94-04c1-424b-9868-57a2d4851a1d" />
    <TestEntry testId="d6158266-3e43-d3e5-1d59-8422d38c36e6" executionId="f0d395bf-b07f-4804-abbd-c882dc61c8fe" testListId="8c84fa94-04c1-424b-9868-57a2d4851a1d" />
    <TestEntry testId="32de17be-d913-ce74-c42c-3cb590dbca7e" executionId="f70d4818-2bf4-40eb-9f4a-cebff64c466f" testListId="8c84fa94-04c1-424b-9868-57a2d4851a1d" />
    <TestEntry testId="c7015e05-590e-68dc-ce51-1a7d11423764" executionId="12c42a06-2549-40b9-a72e-a1470c6d14bd" testListId="8c84fa94-04c1-424b-9868-57a2d4851a1d" />
    <TestEntry testId="01a917da-af8e-dc89-f982-a61468f720b1" executionId="53f637e8-ea38-48bf-aca4-de0b0e4b448f" testListId="8c84fa94-04c1-424b-9868-57a2d4851a1d" />
    <TestEntry testId="5c820662-de25-fc43-3251-36d49fbdee72" executionId="37343417-9d2f-4d22-bae0-d154f2055e06" testListId="8c84fa94-04c1-424b-9868-57a2d4851a1d" />
    <TestEntry testId="ee526b05-e2fe-32c8-3ad7-c0e47221152d" executionId="37381f7e-9153-446d-a4e4-529349e73494" testListId="8c84fa94-04c1-424b-9868-57a2d4851a1d" />
    <TestEntry testId="4c2c0507-a64d-6e6b-477a-dd7127457d77" executionId="835ea2dd-ca16-4aab-ba8d-81039cb1333b" testListId="8c84fa94-04c1-424b-9868-57a2d4851a1d" />
    <TestEntry testId="a6c2fdc2-d572-12fe-8838-aab9ffca8763" executionId="16b30f42-f408-43be-869c-a5006d6e80a1" testListId="8c84fa94-04c1-424b-9868-57a2d4851a1d" />
    <TestEntry testId="ba0a03ee-a3eb-fe91-f758-f9740c4c55a4" executionId="85284657-c863-46d8-9956-a8614ee48900" testListId="8c84fa94-04c1-424b-9868-57a2d4851a1d" />
    <TestEntry testId="2d09a5cd-c144-8fc3-8593-814aa73f247a" executionId="ebbc6ec3-3ee1-462a-8b2f-b03be52be5c8" testListId="8c84fa94-04c1-424b-9868-57a2d4851a1d" />
    <TestEntry testId="d49eee95-53c2-4ffe-f896-eb37332737cf" executionId="e2e55f3b-2009-4216-914a-197e3536ee6d" testListId="8c84fa94-04c1-424b-9868-57a2d4851a1d" />
  </TestEntries>
  <TestLists>
    <TestList name="Results Not in a List" id="8c84fa94-04c1-424b-9868-57a2d4851a1d" />
    <TestList name="All Loaded Results" id="19431567-8539-422a-85d7-44ee4e166bda" />
  </TestLists>
  <ResultSummary outcome="Completed">
    <Counters total="24" executed="24" passed="24" failed="0" error="0" timeout="0" aborted="0" inconclusive="0" passedButRunAborted="0" notRunnable="0" notExecuted="0" disconnected="0" warning="0" completed="0" inProgress="0" pending="0" />
  </ResultSummary>
</TestRun>